2026-01-27 01:34:44,604 INFO Starting scraper
2026-01-27 01:34:46,834 INFO Category response parsed
2026-01-27 01:34:47,839 INFO Matched thread
2026-01-27 01:34:48,018 INFO Scraping thread pages
2026-01-27 01:34:49,638 INFO Thread total pages
2026-01-27 01:34:49,639 INFO Processing thread page items: 1
2026-01-27 01:34:49,639 INFO ALL_IN_ASPI, 365423, 734436, False
2026-01-27 01:34:49,642 INFO Stored stock comment
2026-01-27 01:34:49,643 INFO 睇人仆街, 254551, 734436, False
2026-01-27 01:34:49,643 INFO M記, 653095, 734436, False
2026-01-27 01:34:49,643 INFO 感謝愛, 82489, 734436, False
2026-01-27 01:34:49,643 INFO 天佑烏克蘭, 81947, 734436, False
2026-01-27 01:34:49,643 INFO 都城銀行從業員, 6090, 734436, False
2026-01-27 01:34:49,643 INFO SHOWMAKER, 11879, 734436, False
2026-01-27 01:34:49,643 INFO FruitLoops, 791, 734436, False
2026-01-27 01:34:49,643 INFO 天佑烏克蘭, 81947, 734436, False
2026-01-27 01:34:49,643 INFO 大波驊Deborah, 639690, 734436, False
2026-01-27 01:34:49,643 INFO lih.kg, 303188, 734436, False
2026-01-27 01:34:49,643 INFO Rocks.D.Xebec, 352617, 734436, False
2026-01-27 01:34:49,643 INFO Look_Like, 126839, 734436, False
2026-01-27 01:34:49,643 INFO lih.kg, 303188, 734436, False
2026-01-27 01:34:49,643 INFO 你冇腦彈撚開啦, 694447, 734436, False
2026-01-27 01:34:49,643 INFO SHOWMAKER, 11879, 734436, False
2026-01-27 01:34:49,643 INFO 節節人, 538560, 734436, False
2026-01-27 01:34:49,643 INFO Look_Like, 126839, 734436, False
2026-01-27 01:34:49,643 INFO 都城銀行從業員, 6090, 734436, False
2026-01-27 01:34:49,643 INFO qweasdqw, 95648, 734436, False
2026-01-27 01:34:49,643 INFO lih.kg, 303188, 734436, False
2026-01-27 01:34:49,643 INFO 日日有樓住, 67569, 734436, False
2026-01-27 01:34:49,643 INFO 動態牛熊黃仁勳, 520970, 734436, False
2026-01-27 01:34:49,644 INFO 0098, 232328, 734436, False
2026-01-27 01:34:49,644 INFO 奧斯卡關, 146493, 734436, False
2026-01-27 01:34:50,540 INFO Processing thread page items: 2
2026-01-27 01:34:50,540 INFO 動態牛熊黃仁勳, 520970, 734436, False
2026-01-27 01:34:50,540 INFO 你冇腦彈撚開啦, 694447, 734436, False
2026-01-27 01:34:50,540 INFO 你冇腦彈撚開啦, 694447, 734436, False
2026-01-27 01:34:50,544 INFO Stored stock comment
2026-01-27 01:34:50,544 INFO VVWVV, 427010, 734436, False
2026-01-27 01:34:50,544 INFO 0098, 232328, 734436, False
2026-01-27 01:34:50,544 INFO 你冇腦彈撚開啦, 694447, 734436, False
2026-01-27 01:34:50,544 INFO 峰打不殺, 576818, 734436, False
2026-01-27 01:34:50,544 INFO SHOWMAKER, 11879, 734436, False
2026-01-27 01:34:50,544 INFO 感謝愛, 82489, 734436, False
2026-01-27 01:34:50,544 INFO 炸雞馬拉松, 378733, 734436, False
2026-01-27 01:34:50,544 INFO 緣份的樽蓋, 26184, 734436, False
2026-01-27 01:34:50,544 INFO lih.kg, 303188, 734436, False
2026-01-27 01:34:50,544 INFO 成全之後, 324739, 734436, False
2026-01-27 01:34:50,544 INFO 你冇腦彈撚開啦, 694447, 734436, False
2026-01-27 01:34:50,544 INFO 你冇腦彈撚開啦, 694447, 734436, False
2026-01-27 01:34:50,545 INFO Look_Like, 126839, 734436, False
2026-01-27 01:34:50,545 INFO SHOWMAKER, 11879, 734436, False
2026-01-27 01:34:50,545 INFO Look_Like, 126839, 734436, False
2026-01-27 01:34:50,545 INFO 動態牛熊黃仁勳, 520970, 734436, False
2026-01-27 01:34:50,545 INFO SHOWMAKER, 11879, 734436, False
2026-01-27 01:34:50,545 INFO ALL_IN_ASPI, 365423, 734436, False
2026-01-27 01:34:50,545 INFO 都城銀行從業員, 6090, 734436, False
2026-01-27 01:34:50,545 INFO 奧斯卡關, 146493, 734436, False
2026-01-27 01:34:50,545 INFO Look_Like, 126839, 734436, False
2026-01-27 01:34:50,545 INFO 帶劍過兒, 34419, 734436, False
2026-01-27 01:35:36,856 INFO Starting scraper
2026-01-27 01:36:35,828 INFO Starting scraper
2026-01-27 01:36:37,643 INFO Category response parsed
2026-01-27 01:36:38,647 INFO Matched thread
2026-01-27 01:36:38,824 INFO Scraping thread pages
2026-01-27 01:36:40,475 INFO Thread total pages
2026-01-27 01:36:40,476 INFO Processing thread page items: 1
2026-01-27 01:36:40,476 INFO ALL_IN_ASPI, 365423, 734436, False
2026-01-27 01:36:40,478 INFO Stored stock comment
2026-01-27 01:36:40,479 INFO 睇人仆街, 254551, 734436, False
2026-01-27 01:36:40,480 INFO M記, 653095, 734436, False
2026-01-27 01:36:40,480 INFO 感謝愛, 82489, 734436, False
2026-01-27 01:36:40,480 INFO 天佑烏克蘭, 81947, 734436, False
2026-01-27 01:36:40,480 INFO 都城銀行從業員, 6090, 734436, False
2026-01-27 01:36:40,480 INFO SHOWMAKER, 11879, 734436, False
2026-01-27 01:36:40,480 INFO FruitLoops, 791, 734436, False
2026-01-27 01:36:40,480 INFO 天佑烏克蘭, 81947, 734436, False
2026-01-27 01:36:40,480 INFO 大波驊Deborah, 639690, 734436, False
2026-01-27 01:36:40,480 INFO lih.kg, 303188, 734436, False
2026-01-27 01:36:40,480 INFO Rocks.D.Xebec, 352617, 734436, False
2026-01-27 01:36:40,480 INFO Look_Like, 126839, 734436, False
2026-01-27 01:36:40,480 INFO lih.kg, 303188, 734436, False
2026-01-27 01:36:40,480 INFO 你冇腦彈撚開啦, 694447, 734436, False
2026-01-27 01:36:40,480 INFO SHOWMAKER, 11879, 734436, False
2026-01-27 01:36:40,480 INFO 節節人, 538560, 734436, False
2026-01-27 01:36:40,480 INFO Look_Like, 126839, 734436, False
2026-01-27 01:36:40,480 INFO 都城銀行從業員, 6090, 734436, False
2026-01-27 01:36:40,480 INFO qweasdqw, 95648, 734436, False
2026-01-27 01:36:40,480 INFO lih.kg, 303188, 734436, False
2026-01-27 01:36:40,480 INFO 日日有樓住, 67569, 734436, False
2026-01-27 01:36:40,480 INFO 動態牛熊黃仁勳, 520970, 734436, False
2026-01-27 01:36:40,480 INFO 0098, 232328, 734436, False
2026-01-27 01:36:40,480 INFO 奧斯卡關, 146493, 734436, False
2026-01-27 01:36:41,380 INFO Processing thread page items: 2
2026-01-27 01:36:41,381 INFO 動態牛熊黃仁勳, 520970, 734436, False
2026-01-27 01:36:41,381 INFO 你冇腦彈撚開啦, 694447, 734436, False
2026-01-27 01:36:41,381 INFO 你冇腦彈撚開啦, 694447, 734436, False
2026-01-27 01:36:41,383 INFO Stored stock comment
2026-01-27 01:36:41,383 INFO VVWVV, 427010, 734436, False
2026-01-27 01:36:41,384 INFO 0098, 232328, 734436, False
2026-01-27 01:36:41,384 INFO 你冇腦彈撚開啦, 694447, 734436, False
2026-01-27 01:36:41,384 INFO 峰打不殺, 576818, 734436, False
2026-01-27 01:36:41,384 INFO SHOWMAKER, 11879, 734436, False
2026-01-27 01:36:41,384 INFO 感謝愛, 82489, 734436, False
2026-01-27 01:36:41,384 INFO 炸雞馬拉松, 378733, 734436, False
2026-01-27 01:36:41,384 INFO 緣份的樽蓋, 26184, 734436, False
2026-01-27 01:36:41,384 INFO lih.kg, 303188, 734436, False
2026-01-27 01:36:41,384 INFO 成全之後, 324739, 734436, False
2026-01-27 01:36:41,384 INFO 你冇腦彈撚開啦, 694447, 734436, False
2026-01-27 01:36:41,384 INFO 你冇腦彈撚開啦, 694447, 734436, False
2026-01-27 01:36:41,384 INFO Look_Like, 126839, 734436, False
2026-01-27 01:36:41,384 INFO SHOWMAKER, 11879, 734436, False
2026-01-27 01:36:41,384 INFO Look_Like, 126839, 734436, False
2026-01-27 01:36:41,384 INFO 動態牛熊黃仁勳, 520970, 734436, False
2026-01-27 01:36:41,384 INFO SHOWMAKER, 11879, 734436, False
2026-01-27 01:36:41,384 INFO ALL_IN_ASPI, 365423, 734436, False
2026-01-27 01:36:41,384 INFO 都城銀行從業員, 6090, 734436, False
2026-01-27 01:36:41,384 INFO 奧斯卡關, 146493, 734436, False
2026-01-27 01:36:41,384 INFO Look_Like, 126839, 734436, False
2026-01-27 01:36:41,384 INFO 帶劍過兒, 34419, 734436, False
2026-01-27 01:36:48,993 INFO Processing thread page items: 3
2026-01-27 01:36:48,993 INFO 都城銀行從業員, 6090, 734436, False
2026-01-27 01:36:48,993 INFO 感謝愛, 82489, 734436, False
2026-01-27 01:36:48,993 INFO Rocks.D.Xebec, 352617, 734436, False
2026-01-27 01:36:48,993 INFO 你冇腦彈撚開啦, 694447, 734436, False
2026-01-27 01:36:48,993 INFO 都城銀行從業員, 6090, 734436, False
2026-01-27 01:36:48,993 INFO 你冇腦彈撚開啦, 694447, 734436, False
2026-01-27 01:36:48,993 INFO ALL_IN_ASPI, 365423, 734436, False
2026-01-27 01:36:48,993 INFO Shar, 186494, 734436, False
2026-01-27 01:36:48,993 INFO ALL_IN_ASPI, 365423, 734436, False
2026-01-27 01:36:48,993 INFO 你冇腦彈撚開啦, 694447, 734436, False
2026-01-27 01:36:48,993 INFO 中村一葉輕舟去, 99207, 734436, False
2026-01-27 01:36:48,993 INFO SHOWMAKER, 11879, 734436, False
2026-01-27 01:36:48,993 INFO 你冇腦彈撚開啦, 694447, 734436, False
2026-01-27 01:36:48,993 INFO 都城銀行從業員, 6090, 734436, False
2026-01-27 01:36:48,993 INFO 動態牛熊黃仁勳, 520970, 734436, False
2026-01-27 01:36:48,993 INFO ALL_IN_ASPI, 365423, 734436, False
2026-01-27 01:36:48,993 INFO Van_Den_Berg, 252877, 734436, False
2026-01-27 01:36:48,993 INFO 士兵碌柒(已碌柒), 136081, 734436, False
2026-01-27 01:36:48,994 INFO ALL_IN_ASPI, 365423, 734436, False
2026-01-27 01:36:48,994 INFO ASPI二等兵, 417057, 734436, False
2026-01-27 01:36:48,994 INFO 李家超有錢, 468538, 734436, False
2026-01-27 01:36:48,994 INFO 士兵碌柒(已碌柒), 136081, 734436, False
2026-01-27 01:36:48,994 INFO 蝦翁隻喵, 63853, 734436, False
2026-01-27 01:36:48,994 INFO ALL_IN_ASPI, 365423, 734436, False
2026-01-27 01:36:48,994 INFO 東亜重工, 181318, 734436, False
2026-01-27 01:36:58,635 INFO Processing thread page items: 4
2026-01-27 01:36:58,636 INFO 屋企張床要人, 301097, 734436, False
2026-01-27 01:36:58,636 INFO ALL_IN_ASPI, 365423, 734436, False
2026-01-27 01:36:58,639 INFO Stored stock comment
2026-01-27 01:36:58,639 INFO 松本米青, 66933, 734436, False
2026-01-27 01:36:58,639 INFO 屋企張床要人, 301097, 734436, False
2026-01-27 01:36:58,639 INFO 最後一片雲彩, 371749, 734436, False
2026-01-27 01:36:58,639 INFO Rocks.D.Xebec, 352617, 734436, False
2026-01-27 01:36:58,639 INFO 都城銀行從業員, 6090, 734436, False
2026-01-27 01:36:58,639 INFO KeroroSancho, 125888, 734436, False
2026-01-27 01:36:58,639 INFO 我條女係煩膠, 395342, 734436, False
2026-01-27 01:36:58,639 INFO lih.kg, 303188, 734436, False
2026-01-27 01:36:58,639 INFO lih.kg, 303188, 734436, False
2026-01-27 01:36:58,639 INFO 言念氵青林疋, 219011, 734436, False
2026-01-27 01:36:58,639 INFO 動態牛熊黃仁勳, 520970, 734436, False
2026-01-27 01:36:58,639 INFO ALL_IN_ASPI, 365423, 734436, False
2026-01-27 01:36:58,639 INFO Look_Like, 126839, 734436, False
2026-01-27 01:36:58,639 INFO Van_Den_Berg, 252877, 734436, False
2026-01-27 01:36:58,639 INFO 中村一葉輕舟去, 99207, 734436, False
2026-01-27 01:36:58,639 INFO 鄧小巧玲瓏, 386516, 734436, False
2026-01-27 01:36:58,639 INFO 你冇腦彈撚開啦, 694447, 734436, False
2026-01-27 01:36:58,639 INFO ALL_IN_ASPI, 365423, 734436, False
2026-01-27 01:36:58,639 INFO 0098, 232328, 734436, False
2026-01-27 01:36:58,639 INFO SHOWMAKER, 11879, 734436, False
2026-01-27 01:36:58,639 INFO 中村一葉輕舟去, 99207, 734436, False
2026-01-27 01:36:58,639 INFO FruitLoops, 791, 734436, False
2026-01-27 01:36:58,639 INFO ALL_IN_ASPI, 365423, 734436, False
2026-01-27 01:37:04,248 INFO Processing thread page items: 5
2026-01-27 01:37:04,248 INFO 李家超有錢, 468538, 734436, False
2026-01-27 01:37:04,249 INFO ALL_IN_ASPI, 365423, 734436, False
2026-01-27 01:37:04,249 INFO 北九洲向日葵, 124893, 734436, False
2026-01-27 01:37:04,249 INFO ASPI二等兵, 417057, 734436, False
2026-01-27 01:37:04,249 INFO ALL_IN_ASPI, 365423, 734436, False
2026-01-27 01:37:04,249 INFO 中村一葉輕舟去, 99207, 734436, False
2026-01-27 01:37:04,249 INFO 下體會費托, 191527, 734436, False
2026-01-27 01:37:04,249 INFO 活著的最寂寞, 29540, 734436, False
2026-01-27 01:37:04,249 INFO ALL_IN_ASPI, 365423, 734436, False
2026-01-27 01:37:04,254 INFO Stored stock comment
2026-01-27 01:37:04,255 INFO MarioFart, 132971, 734436, False
2026-01-27 01:37:04,255 INFO 有嘢要講, 64072, 734436, False
2026-01-27 01:37:04,255 INFO 松本米青, 66933, 734436, False
2026-01-27 01:37:04,255 INFO 0098, 232328, 734436, False
2026-01-27 01:37:04,258 INFO Stored stock comment
2026-01-27 01:37:04,259 INFO 小池切丁, 181462, 734436, False
2026-01-27 01:37:04,259 INFO ALL_IN_ASPI, 365423, 734436, False
2026-01-27 01:37:04,259 INFO 我條女係煩膠, 395342, 734436, False
2026-01-27 01:37:04,259 INFO 都城銀行從業員, 6090, 734436, False
2026-01-27 01:37:04,259 INFO KKZZZW, 66326, 734436, False
2026-01-27 01:37:04,259 INFO Van_Den_Berg, 252877, 734436, False
2026-01-27 01:37:04,259 INFO ALL_IN_ASPI, 365423, 734436, False
2026-01-27 01:37:04,259 INFO 感謝愛, 82489, 734436, False
2026-01-27 01:37:04,259 INFO 動態牛熊黃仁勳, 520970, 734436, False
2026-01-27 01:37:04,259 INFO Blackstar, 20222, 734436, False
2026-01-27 01:37:04,259 INFO KKZZZW, 66326, 734436, False
2026-01-27 01:37:04,259 INFO 松本米青, 66933, 734436, False
2026-01-27 01:37:13,877 INFO Processing thread page items: 6
2026-01-27 01:37:13,877 INFO ALL_IN_ASPI, 365423, 734436, False
2026-01-27 01:37:13,877 INFO Blackstar, 20222, 734436, False
2026-01-27 01:37:13,877 INFO 松本米青, 66933, 734436, False
2026-01-27 01:37:13,877 INFO 你冇腦彈撚開啦, 694447, 734436, False
2026-01-27 01:37:13,877 INFO 你冇腦彈撚開啦, 694447, 734436, False
2026-01-27 01:37:13,878 INFO 熊孩子, 208376, 734436, False
2026-01-27 01:37:13,878 INFO 峰打不殺, 576818, 734436, False
2026-01-27 01:37:13,878 INFO 動態牛熊黃仁勳, 520970, 734436, False
2026-01-27 01:37:13,878 INFO 都城銀行從業員, 6090, 734436, False
2026-01-27 01:37:13,878 INFO 你冇腦彈撚開啦, 694447, 734436, False
2026-01-27 01:37:13,878 INFO 屋企張床要人, 301097, 734436, False
2026-01-27 01:37:13,879 INFO ALL_IN_ASPI, 365423, 734436, False
2026-01-27 01:37:13,879 INFO 甚平君, 358016, 734436, False
2026-01-27 01:37:13,879 INFO 你冇腦彈撚開啦, 694447, 734436, False
2026-01-27 01:37:13,879 INFO 斜音戰士, 718655, 734436, False
2026-01-27 01:37:13,879 INFO SHOWMAKER, 11879, 734436, False
2026-01-27 01:37:13,879 INFO 甚平君, 358016, 734436, False
2026-01-27 01:37:13,879 INFO SHOWMAKER, 11879, 734436, False
2026-01-27 01:37:13,879 INFO 上線外賣仔, 318163, 734436, False
2026-01-27 01:37:13,879 INFO Look_Like, 126839, 734436, False
2026-01-27 01:37:13,879 INFO 上線外賣仔, 318163, 734436, False
2026-01-27 01:37:13,879 INFO Look_Like, 126839, 734436, False
2026-01-27 01:37:13,879 INFO 上線外賣仔, 318163, 734436, False
2026-01-27 01:37:13,879 INFO Look_Like, 126839, 734436, False
2026-01-27 01:37:13,879 INFO 0098, 232328, 734436, False
2026-01-27 01:37:24,515 INFO Processing thread page items: 7
2026-01-27 01:37:24,515 INFO 上線外賣仔, 318163, 734436, False
2026-01-27 01:37:24,515 INFO 上線外賣仔, 318163, 734436, False
2026-01-27 01:37:24,515 INFO Look_Like, 126839, 734436, False
2026-01-27 01:37:24,515 INFO 上線外賣仔, 318163, 734436, False
2026-01-27 01:37:24,515 INFO Look_Like, 126839, 734436, False
2026-01-27 01:37:24,515 INFO 煙三文魚, 57339, 734436, False
2026-01-27 01:37:24,515 INFO Look_Like, 126839, 734436, False
2026-01-27 01:37:24,515 INFO 帶劍過兒, 34419, 734436, False
2026-01-27 01:37:24,515 INFO ALL_IN_ASPI, 365423, 734436, False
2026-01-27 01:37:24,515 INFO Look_Like, 126839, 734436, False
2026-01-27 01:37:24,516 INFO 都城銀行從業員, 6090, 734436, False
2026-01-27 01:37:24,516 INFO 大力精神, 13277, 734436, False
2026-01-27 01:37:24,516 INFO KeroroSancho, 125888, 734436, False
2026-01-27 01:37:24,516 INFO Rocks.D.Xebec, 352617, 734436, False
2026-01-27 01:37:24,516 INFO SHOWMAKER, 11879, 734436, False
2026-01-27 01:37:24,519 INFO Stored stock comment
2026-01-27 01:37:24,519 INFO ASPI韭菜, 737162, 734436, False
2026-01-27 01:37:24,519 INFO 大力精神, 13277, 734436, False
2026-01-27 01:37:24,519 INFO SHOWMAKER, 11879, 734436, False
2026-01-27 01:37:24,519 INFO 你冇腦彈撚開啦, 694447, 734436, False
2026-01-27 01:37:24,519 INFO ASPI韭菜, 737162, 734436, False
2026-01-27 01:37:24,519 INFO 0098, 232328, 734436, False
2026-01-27 01:37:24,519 INFO ASPI二等兵, 417057, 734436, False
2026-01-27 01:37:24,519 INFO 你冇腦彈撚開啦, 694447, 734436, False
2026-01-27 01:37:24,519 INFO 在永恆之門, 667009, 734436, False
2026-01-27 01:37:24,519 INFO 0098, 232328, 734436, False
2026-01-27 01:37:30,138 INFO Processing thread page items: 8
2026-01-27 01:37:30,138 INFO 在永恆之門, 667009, 734436, False
2026-01-27 01:37:30,139 INFO 上線外賣仔, 318163, 734436, False
2026-01-27 01:37:30,139 INFO 松本米青, 66933, 734436, False
2026-01-27 01:37:30,139 INFO Rocks.D.Xebec, 352617, 734436, False
2026-01-27 01:37:30,139 INFO 你冇腦彈撚開啦, 694447, 734436, False
2026-01-27 01:37:30,139 INFO 都城銀行從業員, 6090, 734436, False
2026-01-27 01:37:30,143 INFO Stored stock comment
2026-01-27 01:37:30,143 INFO Rocks.D.Xebec, 352617, 734436, False
2026-01-27 01:37:30,143 INFO 都城銀行從業員, 6090, 734436, False
2026-01-27 01:37:30,143 INFO 你冇腦彈撚開啦, 694447, 734436, False
2026-01-27 01:37:30,143 INFO 在永恆之門, 667009, 734436, False
2026-01-27 01:37:30,143 INFO 可樂配咖啡, 250062, 734436, False
2026-01-27 01:37:30,144 INFO 大力精神, 13277, 734436, False
2026-01-27 01:37:30,144 INFO 日日有樓住, 67569, 734436, False
2026-01-27 01:37:30,144 INFO 都城銀行從業員, 6090, 734436, False
2026-01-27 01:37:30,144 INFO KeroroSancho, 125888, 734436, False
2026-01-27 01:37:30,144 INFO MarioFart, 132971, 734436, False
2026-01-27 01:37:30,145 INFO 帶劍過兒, 34419, 734436, False
2026-01-27 01:37:30,145 INFO 松本米青, 66933, 734436, False
2026-01-27 01:37:30,145 INFO 士兵碌柒(已碌柒), 136081, 734436, False
2026-01-27 01:37:30,145 INFO 活著的最寂寞, 29540, 734436, False
2026-01-27 01:37:30,145 INFO ASPI韭菜, 737162, 734436, False
2026-01-27 01:37:30,145 INFO 在永恆之門, 667009, 734436, False
2026-01-27 01:37:30,145 INFO ALL_IN_ASPI, 365423, 734436, False
2026-01-27 01:37:30,145 INFO 動態牛熊黃仁勳, 520970, 734436, False
2026-01-27 01:37:30,145 INFO 上線外賣仔, 318163, 734436, False
2026-01-27 01:37:40,591 WARNING Thread page request failed
2026-01-27 01:37:40,967 WARNING Thread page request failed
2026-01-27 01:37:41,333 WARNING Thread page request failed
2026-01-27 01:37:41,696 WARNING Thread page request failed
2026-01-27 01:37:42,061 WARNING Thread page request failed
2026-01-27 01:37:42,423 WARNING Thread page request failed
2026-01-27 01:37:42,856 WARNING Thread page request failed
2026-01-27 01:37:43,244 WARNING Thread page request failed
2026-01-27 01:37:43,607 WARNING Thread page request failed
2026-01-27 01:37:43,981 WARNING Thread page request failed
2026-01-27 01:37:44,429 WARNING Thread page request failed
2026-01-27 01:37:44,799 WARNING Thread page request failed
2026-01-27 01:37:45,211 WARNING Thread page request failed
2026-01-27 01:37:45,578 WARNING Thread page request failed
2026-01-27 01:37:46,007 WARNING Thread page request failed
2026-01-27 01:37:46,380 WARNING Thread page request failed
2026-01-27 01:37:46,754 WARNING Thread page request failed
2026-01-27 01:37:47,131 WARNING Thread page request failed
2026-01-27 01:37:47,578 WARNING Thread page request failed
2026-01-27 01:37:50,605 INFO Matched thread
2026-01-27 01:37:50,799 INFO Scraping thread pages
2026-01-27 01:37:52,198 WARNING Thread page request failed
2026-01-27 01:37:55,219 INFO Matched thread
2026-01-27 01:37:55,406 INFO Scraping thread pages
2026-01-27 01:37:56,396 WARNING Thread page request failed
2026-01-27 01:37:59,417 INFO Scrape completed
2026-01-27 01:39:00,649 WARNING Category request failed
2026-01-27 01:39:00,650 WARNING <APIResponse url='https://lihkg.com/api_v2/thread/category?cat_id=15&page=1&count=60&type=now' status=429 status_text='Too Many Requests'>
2026-01-27 01:39:00,671 INFO Scrape completed
2026-01-27 01:40:02,318 WARNING Category request failed
2026-01-27 01:40:02,318 WARNING <APIResponse url='https://lihkg.com/api_v2/thread/category?cat_id=15&page=1&count=60&type=now' status=429 status_text='Too Many Requests'>
2026-01-27 01:40:02,336 INFO Scrape completed
2026-01-27 01:40:18,800 INFO Starting scraper
2026-01-27 01:40:21,228 INFO Category response parsed
2026-01-27 01:40:22,232 INFO Matched thread
2026-01-27 01:40:22,395 INFO Scraping thread pages
2026-01-27 01:40:24,443 INFO Thread total pages
2026-01-27 01:40:24,443 INFO Processing thread page items: 1
2026-01-27 01:40:24,444 INFO ALL_IN_ASPI, 365423, 734436, False
2026-01-27 01:40:24,444 INFO 睇人仆街, 254551, 734436, False
2026-01-27 01:40:24,444 INFO M記, 653095, 734436, False
2026-01-27 01:40:24,444 INFO 感謝愛, 82489, 734436, False
2026-01-27 01:40:24,444 INFO 天佑烏克蘭, 81947, 734436, False
2026-01-27 01:40:24,444 INFO 都城銀行從業員, 6090, 734436, False
2026-01-27 01:40:24,444 INFO SHOWMAKER, 11879, 734436, False
2026-01-27 01:40:24,444 INFO FruitLoops, 791, 734436, False
2026-01-27 01:40:24,444 INFO 天佑烏克蘭, 81947, 734436, False
2026-01-27 01:40:24,444 INFO 大波驊Deborah, 639690, 734436, False
2026-01-27 01:40:24,444 INFO lih.kg, 303188, 734436, False
2026-01-27 01:40:24,444 INFO Rocks.D.Xebec, 352617, 734436, False
2026-01-27 01:40:24,444 INFO Look_Like, 126839, 734436, False
2026-01-27 01:40:24,444 INFO lih.kg, 303188, 734436, False
2026-01-27 01:40:24,444 INFO 你冇腦彈撚開啦, 694447, 734436, False
2026-01-27 01:40:24,444 INFO SHOWMAKER, 11879, 734436, False
2026-01-27 01:40:24,444 INFO 節節人, 538560, 734436, False
2026-01-27 01:40:24,444 INFO Look_Like, 126839, 734436, False
2026-01-27 01:40:24,444 INFO 都城銀行從業員, 6090, 734436, False
2026-01-27 01:40:24,444 INFO qweasdqw, 95648, 734436, False
2026-01-27 01:40:24,444 INFO lih.kg, 303188, 734436, False
2026-01-27 01:40:24,444 INFO 日日有樓住, 67569, 734436, False
2026-01-27 01:40:24,444 INFO 動態牛熊黃仁勳, 520970, 734436, False
2026-01-27 01:40:24,444 INFO 0098, 232328, 734436, False
2026-01-27 01:40:24,444 INFO 奧斯卡關, 146493, 734436, False
2026-01-27 01:40:25,111 INFO Processing https://lihkg.com/api_v2/thread/4050863/page/2
2026-01-27 01:40:25,111 INFO Processing thread page items: 2
2026-01-27 01:40:25,112 INFO 動態牛熊黃仁勳, 520970, 734436, False
2026-01-27 01:40:25,112 INFO 你冇腦彈撚開啦, 694447, 734436, False
2026-01-27 01:40:25,112 INFO 你冇腦彈撚開啦, 694447, 734436, False
2026-01-27 01:40:25,112 INFO VVWVV, 427010, 734436, False
2026-01-27 01:40:25,112 INFO 0098, 232328, 734436, False
2026-01-27 01:40:25,112 INFO 你冇腦彈撚開啦, 694447, 734436, False
2026-01-27 01:40:25,112 INFO 峰打不殺, 576818, 734436, False
2026-01-27 01:40:25,112 INFO SHOWMAKER, 11879, 734436, False
2026-01-27 01:40:25,112 INFO 感謝愛, 82489, 734436, False
2026-01-27 01:40:25,112 INFO 炸雞馬拉松, 378733, 734436, False
2026-01-27 01:40:25,112 INFO 緣份的樽蓋, 26184, 734436, False
2026-01-27 01:40:25,112 INFO lih.kg, 303188, 734436, False
2026-01-27 01:40:25,112 INFO 成全之後, 324739, 734436, False
2026-01-27 01:40:25,112 INFO 你冇腦彈撚開啦, 694447, 734436, False
2026-01-27 01:40:25,112 INFO 你冇腦彈撚開啦, 694447, 734436, False
2026-01-27 01:40:25,112 INFO Look_Like, 126839, 734436, False
2026-01-27 01:40:25,112 INFO SHOWMAKER, 11879, 734436, False
2026-01-27 01:40:25,112 INFO Look_Like, 126839, 734436, False
2026-01-27 01:40:25,112 INFO 動態牛熊黃仁勳, 520970, 734436, False
2026-01-27 01:40:25,113 INFO SHOWMAKER, 11879, 734436, False
2026-01-27 01:40:25,113 INFO ALL_IN_ASPI, 365423, 734436, False
2026-01-27 01:40:25,113 INFO 都城銀行從業員, 6090, 734436, False
2026-01-27 01:40:25,113 INFO 奧斯卡關, 146493, 734436, False
2026-01-27 01:40:25,113 INFO Look_Like, 126839, 734436, False
2026-01-27 01:40:25,113 INFO 帶劍過兒, 34419, 734436, False
2026-01-27 01:40:30,789 INFO Processing https://lihkg.com/api_v2/thread/4050863/page/3
2026-01-27 01:40:30,789 INFO Processing thread page items: 3
2026-01-27 01:40:30,789 INFO 都城銀行從業員, 6090, 734436, False
2026-01-27 01:40:30,789 INFO 感謝愛, 82489, 734436, False
2026-01-27 01:40:30,789 INFO Rocks.D.Xebec, 352617, 734436, False
2026-01-27 01:40:30,789 INFO 你冇腦彈撚開啦, 694447, 734436, False
2026-01-27 01:40:30,789 INFO 都城銀行從業員, 6090, 734436, False
2026-01-27 01:40:30,789 INFO 你冇腦彈撚開啦, 694447, 734436, False
2026-01-27 01:40:30,789 INFO ALL_IN_ASPI, 365423, 734436, False
2026-01-27 01:40:30,790 INFO Shar, 186494, 734436, False
2026-01-27 01:40:30,790 INFO ALL_IN_ASPI, 365423, 734436, False
2026-01-27 01:40:30,790 INFO 你冇腦彈撚開啦, 694447, 734436, False
2026-01-27 01:40:30,790 INFO 中村一葉輕舟去, 99207, 734436, False
2026-01-27 01:40:30,790 INFO SHOWMAKER, 11879, 734436, False
2026-01-27 01:40:30,790 INFO 你冇腦彈撚開啦, 694447, 734436, False
2026-01-27 01:40:30,790 INFO 都城銀行從業員, 6090, 734436, False
2026-01-27 01:40:30,790 INFO 動態牛熊黃仁勳, 520970, 734436, False
2026-01-27 01:40:30,790 INFO ALL_IN_ASPI, 365423, 734436, False
2026-01-27 01:40:30,790 INFO Van_Den_Berg, 252877, 734436, False
2026-01-27 01:40:30,790 INFO 士兵碌柒(已碌柒), 136081, 734436, False
2026-01-27 01:40:30,790 INFO ALL_IN_ASPI, 365423, 734436, False
2026-01-27 01:40:30,790 INFO ASPI二等兵, 417057, 734436, False
2026-01-27 01:40:30,790 INFO 李家超有錢, 468538, 734436, False
2026-01-27 01:40:30,790 INFO 士兵碌柒(已碌柒), 136081, 734436, False
2026-01-27 01:40:30,790 INFO 蝦翁隻喵, 63853, 734436, False
2026-01-27 01:40:30,791 INFO ALL_IN_ASPI, 365423, 734436, False
2026-01-27 01:40:30,791 INFO 東亜重工, 181318, 734436, False
2026-01-27 01:40:36,435 INFO Processing https://lihkg.com/api_v2/thread/4050863/page/4
2026-01-27 01:40:36,436 INFO Processing thread page items: 4
2026-01-27 01:40:36,436 INFO 屋企張床要人, 301097, 734436, False
2026-01-27 01:40:36,436 INFO ALL_IN_ASPI, 365423, 734436, False
2026-01-27 01:40:36,436 INFO 松本米青, 66933, 734436, False
2026-01-27 01:40:36,436 INFO 屋企張床要人, 301097, 734436, False
2026-01-27 01:40:36,436 INFO 最後一片雲彩, 371749, 734436, False
2026-01-27 01:40:36,436 INFO Rocks.D.Xebec, 352617, 734436, False
2026-01-27 01:40:36,437 INFO 都城銀行從業員, 6090, 734436, False
2026-01-27 01:40:36,437 INFO KeroroSancho, 125888, 734436, False
2026-01-27 01:40:36,437 INFO 我條女係煩膠, 395342, 734436, False
2026-01-27 01:40:36,437 INFO lih.kg, 303188, 734436, False
2026-01-27 01:40:36,437 INFO lih.kg, 303188, 734436, False
2026-01-27 01:40:36,437 INFO 言念氵青林疋, 219011, 734436, False
2026-01-27 01:40:36,437 INFO 動態牛熊黃仁勳, 520970, 734436, False
2026-01-27 01:40:36,437 INFO ALL_IN_ASPI, 365423, 734436, False
2026-01-27 01:40:36,437 INFO Look_Like, 126839, 734436, False
2026-01-27 01:40:36,437 INFO Van_Den_Berg, 252877, 734436, False
2026-01-27 01:40:36,437 INFO 中村一葉輕舟去, 99207, 734436, False
2026-01-27 01:40:36,437 INFO 鄧小巧玲瓏, 386516, 734436, False
2026-01-27 01:40:36,437 INFO 你冇腦彈撚開啦, 694447, 734436, False
2026-01-27 01:40:36,438 INFO ALL_IN_ASPI, 365423, 734436, False
2026-01-27 01:40:36,438 INFO 0098, 232328, 734436, False
2026-01-27 01:40:36,438 INFO SHOWMAKER, 11879, 734436, False
2026-01-27 01:40:36,438 INFO 中村一葉輕舟去, 99207, 734436, False
2026-01-27 01:40:36,438 INFO FruitLoops, 791, 734436, False
2026-01-27 01:40:36,438 INFO ALL_IN_ASPI, 365423, 734436, False
2026-01-27 01:40:43,035 INFO Processing https://lihkg.com/api_v2/thread/4050863/page/5
2026-01-27 01:40:43,037 INFO Processing thread page items: 5
2026-01-27 01:40:43,037 INFO 李家超有錢, 468538, 734436, False
2026-01-27 01:40:43,037 INFO ALL_IN_ASPI, 365423, 734436, False
2026-01-27 01:40:43,037 INFO 北九洲向日葵, 124893, 734436, False
2026-01-27 01:40:43,037 INFO ASPI二等兵, 417057, 734436, False
2026-01-27 01:40:43,037 INFO ALL_IN_ASPI, 365423, 734436, False
2026-01-27 01:40:43,037 INFO 中村一葉輕舟去, 99207, 734436, False
2026-01-27 01:40:43,037 INFO 下體會費托, 191527, 734436, False
2026-01-27 01:40:43,037 INFO 活著的最寂寞, 29540, 734436, False
2026-01-27 01:40:43,037 INFO ALL_IN_ASPI, 365423, 734436, False
2026-01-27 01:40:43,037 INFO MarioFart, 132971, 734436, False
2026-01-27 01:40:43,037 INFO 有嘢要講, 64072, 734436, False
2026-01-27 01:40:43,037 INFO 松本米青, 66933, 734436, False
2026-01-27 01:40:43,037 INFO 0098, 232328, 734436, False
2026-01-27 01:40:43,038 INFO 小池切丁, 181462, 734436, False
2026-01-27 01:40:43,038 INFO ALL_IN_ASPI, 365423, 734436, False
2026-01-27 01:40:43,038 INFO 我條女係煩膠, 395342, 734436, False
2026-01-27 01:40:43,038 INFO 都城銀行從業員, 6090, 734436, False
2026-01-27 01:40:43,038 INFO KKZZZW, 66326, 734436, False
2026-01-27 01:40:43,038 INFO Van_Den_Berg, 252877, 734436, False
2026-01-27 01:40:43,038 INFO ALL_IN_ASPI, 365423, 734436, False
2026-01-27 01:40:43,038 INFO 感謝愛, 82489, 734436, False
2026-01-27 01:40:43,038 INFO 動態牛熊黃仁勳, 520970, 734436, False
2026-01-27 01:40:43,038 INFO Blackstar, 20222, 734436, False
2026-01-27 01:40:43,038 INFO KKZZZW, 66326, 734436, False
2026-01-27 01:40:43,038 INFO 松本米青, 66933, 734436, False
2026-01-27 01:40:50,611 INFO Processing https://lihkg.com/api_v2/thread/4050863/page/6
2026-01-27 01:40:50,611 INFO Processing thread page items: 6
2026-01-27 01:40:50,611 INFO ALL_IN_ASPI, 365423, 734436, False
2026-01-27 01:40:50,612 INFO Blackstar, 20222, 734436, False
2026-01-27 01:40:50,612 INFO 松本米青, 66933, 734436, False
2026-01-27 01:40:50,612 INFO 你冇腦彈撚開啦, 694447, 734436, False
2026-01-27 01:40:50,612 INFO 你冇腦彈撚開啦, 694447, 734436, False
2026-01-27 01:40:50,612 INFO 熊孩子, 208376, 734436, False
2026-01-27 01:40:50,612 INFO 峰打不殺, 576818, 734436, False
2026-01-27 01:40:50,612 INFO 動態牛熊黃仁勳, 520970, 734436, False
2026-01-27 01:40:50,612 INFO 都城銀行從業員, 6090, 734436, False
2026-01-27 01:40:50,612 INFO 你冇腦彈撚開啦, 694447, 734436, False
2026-01-27 01:40:50,612 INFO 屋企張床要人, 301097, 734436, False
2026-01-27 01:40:50,612 INFO ALL_IN_ASPI, 365423, 734436, False
2026-01-27 01:40:50,612 INFO 甚平君, 358016, 734436, False
2026-01-27 01:40:50,612 INFO 你冇腦彈撚開啦, 694447, 734436, False
2026-01-27 01:40:50,612 INFO 斜音戰士, 718655, 734436, False
2026-01-27 01:40:50,612 INFO SHOWMAKER, 11879, 734436, False
2026-01-27 01:40:50,612 INFO 甚平君, 358016, 734436, False
2026-01-27 01:40:50,612 INFO SHOWMAKER, 11879, 734436, False
2026-01-27 01:40:50,612 INFO 上線外賣仔, 318163, 734436, False
2026-01-27 01:40:50,612 INFO Look_Like, 126839, 734436, False
2026-01-27 01:40:50,612 INFO 上線外賣仔, 318163, 734436, False
2026-01-27 01:40:50,612 INFO Look_Like, 126839, 734436, False
2026-01-27 01:40:50,612 INFO 上線外賣仔, 318163, 734436, False
2026-01-27 01:40:50,613 INFO Look_Like, 126839, 734436, False
2026-01-27 01:40:50,613 INFO 0098, 232328, 734436, False
2026-01-27 01:40:56,325 INFO Processing https://lihkg.com/api_v2/thread/4050863/page/7
2026-01-27 01:40:56,325 INFO Processing thread page items: 7
2026-01-27 01:40:56,325 INFO 上線外賣仔, 318163, 734436, False
2026-01-27 01:40:56,325 INFO 上線外賣仔, 318163, 734436, False
2026-01-27 01:40:56,325 INFO Look_Like, 126839, 734436, False
2026-01-27 01:40:56,325 INFO 上線外賣仔, 318163, 734436, False
2026-01-27 01:40:56,325 INFO Look_Like, 126839, 734436, False
2026-01-27 01:40:56,326 INFO 煙三文魚, 57339, 734436, False
2026-01-27 01:40:56,326 INFO Look_Like, 126839, 734436, False
2026-01-27 01:40:56,326 INFO 帶劍過兒, 34419, 734436, False
2026-01-27 01:40:56,326 INFO ALL_IN_ASPI, 365423, 734436, False
2026-01-27 01:40:56,326 INFO Look_Like, 126839, 734436, False
2026-01-27 01:40:56,326 INFO 都城銀行從業員, 6090, 734436, False
2026-01-27 01:40:56,326 INFO 大力精神, 13277, 734436, False
2026-01-27 01:40:56,326 INFO KeroroSancho, 125888, 734436, False
2026-01-27 01:40:56,326 INFO Rocks.D.Xebec, 352617, 734436, False
2026-01-27 01:40:56,326 INFO SHOWMAKER, 11879, 734436, False
2026-01-27 01:40:56,326 INFO ASPI韭菜, 737162, 734436, False
2026-01-27 01:40:56,326 INFO 大力精神, 13277, 734436, False
2026-01-27 01:40:56,326 INFO SHOWMAKER, 11879, 734436, False
2026-01-27 01:40:56,326 INFO 你冇腦彈撚開啦, 694447, 734436, False
2026-01-27 01:40:56,326 INFO ASPI韭菜, 737162, 734436, False
2026-01-27 01:40:56,326 INFO 0098, 232328, 734436, False
2026-01-27 01:40:56,326 INFO ASPI二等兵, 417057, 734436, False
2026-01-27 01:40:56,326 INFO 你冇腦彈撚開啦, 694447, 734436, False
2026-01-27 01:40:56,326 INFO 在永恆之門, 667009, 734436, False
2026-01-27 01:40:56,326 INFO 0098, 232328, 734436, False
2026-01-27 01:41:05,946 INFO Processing https://lihkg.com/api_v2/thread/4050863/page/8
2026-01-27 01:41:05,947 INFO Processing thread page items: 8
2026-01-27 01:41:05,947 INFO 在永恆之門, 667009, 734436, False
2026-01-27 01:41:05,947 INFO 上線外賣仔, 318163, 734436, False
2026-01-27 01:41:05,947 INFO 松本米青, 66933, 734436, False
2026-01-27 01:41:05,947 INFO Rocks.D.Xebec, 352617, 734436, False
2026-01-27 01:41:05,947 INFO 你冇腦彈撚開啦, 694447, 734436, False
2026-01-27 01:41:05,947 INFO 都城銀行從業員, 6090, 734436, False
2026-01-27 01:41:05,947 INFO Rocks.D.Xebec, 352617, 734436, False
2026-01-27 01:41:05,947 INFO 都城銀行從業員, 6090, 734436, False
2026-01-27 01:41:05,947 INFO 你冇腦彈撚開啦, 694447, 734436, False
2026-01-27 01:41:05,947 INFO 在永恆之門, 667009, 734436, False
2026-01-27 01:41:05,947 INFO 可樂配咖啡, 250062, 734436, False
2026-01-27 01:41:05,947 INFO 大力精神, 13277, 734436, False
2026-01-27 01:41:05,947 INFO 日日有樓住, 67569, 734436, False
2026-01-27 01:41:05,948 INFO 都城銀行從業員, 6090, 734436, False
2026-01-27 01:41:05,948 INFO KeroroSancho, 125888, 734436, False
2026-01-27 01:41:05,948 INFO MarioFart, 132971, 734436, False
2026-01-27 01:41:05,948 INFO 帶劍過兒, 34419, 734436, False
2026-01-27 01:41:05,948 INFO 松本米青, 66933, 734436, False
2026-01-27 01:41:05,948 INFO 士兵碌柒(已碌柒), 136081, 734436, False
2026-01-27 01:41:05,948 INFO 活著的最寂寞, 29540, 734436, False
2026-01-27 01:41:05,948 INFO ASPI韭菜, 737162, 734436, False
2026-01-27 01:41:05,948 INFO 在永恆之門, 667009, 734436, False
2026-01-27 01:41:05,948 INFO ALL_IN_ASPI, 365423, 734436, False
2026-01-27 01:41:05,948 INFO 動態牛熊黃仁勳, 520970, 734436, False
2026-01-27 01:41:05,948 INFO 上線外賣仔, 318163, 734436, False
2026-01-27 01:41:15,540 INFO Processing https://lihkg.com/api_v2/thread/4050863/page/9
2026-01-27 01:41:15,540 INFO Processing thread page items: 9
2026-01-27 01:41:15,540 INFO SHOWMAKER, 11879, 734436, False
2026-01-27 01:41:15,540 INFO 在永恆之門, 667009, 734436, False
2026-01-27 01:41:15,540 INFO 你冇腦彈撚開啦, 694447, 734436, False
2026-01-27 01:41:15,540 INFO 在永恆之門, 667009, 734436, False
2026-01-27 01:41:15,540 INFO 0098, 232328, 734436, False
2026-01-27 01:41:15,541 INFO Blackstar, 20222, 734436, False
2026-01-27 01:41:15,541 INFO ALL_IN_ASPI, 365423, 734436, False
2026-01-27 01:41:15,541 INFO Rocks.D.Xebec, 352617, 734436, False
2026-01-27 01:41:15,541 INFO 都城銀行從業員, 6090, 734436, False
2026-01-27 01:41:15,541 INFO ALL_IN_ASPI, 365423, 734436, False
2026-01-27 01:41:15,541 INFO 松本米青, 66933, 734436, False
2026-01-27 01:41:15,541 INFO 0098, 232328, 734436, False
2026-01-27 01:41:15,541 INFO Rocks.D.Xebec, 352617, 734436, False
2026-01-27 01:41:15,541 INFO 感謝愛, 82489, 734436, False
2026-01-27 01:41:15,541 INFO 在永恆之門, 667009, 734436, False
2026-01-27 01:41:15,541 INFO 上線外賣仔, 318163, 734436, False
2026-01-27 01:41:15,541 INFO 都城銀行從業員, 6090, 734436, False
2026-01-27 01:41:15,541 INFO 你冇腦彈撚開啦, 694447, 734436, False
2026-01-27 01:41:15,541 INFO ALL_IN_ASPI, 365423, 734436, False
2026-01-27 01:41:15,541 INFO 在永恆之門, 667009, 734436, False
2026-01-27 01:41:15,541 INFO Look_Like, 126839, 734436, False
2026-01-27 01:41:15,541 INFO ALL_IN_ASPI, 365423, 734436, False
2026-01-27 01:41:15,541 INFO Rocks.D.Xebec, 352617, 734436, False
2026-01-27 01:41:15,541 INFO 上線外賣仔, 318163, 734436, False
2026-01-27 01:41:15,541 INFO 峰打不殺, 576818, 734436, False
2026-01-27 01:41:24,175 INFO Processing https://lihkg.com/api_v2/thread/4050863/page/10
2026-01-27 01:41:24,175 INFO Processing thread page items: 10
2026-01-27 01:41:24,176 INFO 你冇腦彈撚開啦, 694447, 734436, False
2026-01-27 01:41:24,176 INFO ASPI二等兵, 417057, 734436, False
2026-01-27 01:41:24,176 INFO 你冇腦彈撚開啦, 694447, 734436, False
2026-01-27 01:41:24,176 INFO 動態牛熊黃仁勳, 520970, 734436, False
2026-01-27 01:41:24,176 INFO Look_Like, 126839, 734436, False
2026-01-27 01:41:24,176 INFO 動態牛熊黃仁勳, 520970, 734436, False
2026-01-27 01:41:24,176 INFO ASPI韭菜, 737162, 734436, False
2026-01-27 01:41:24,176 INFO Look_Like, 126839, 734436, False
2026-01-27 01:41:24,176 INFO 言念氵青林疋, 219011, 734436, False
2026-01-27 01:41:24,176 INFO ALL_IN_ASPI, 365423, 734436, False
2026-01-27 01:41:24,176 INFO ALL_IN_ASPI, 365423, 734436, False
2026-01-27 01:41:24,176 INFO VVWVV, 427010, 734436, False
2026-01-27 01:41:24,176 INFO 在永恆之門, 667009, 734436, False
2026-01-27 01:41:24,176 INFO ASPI二等兵, 417057, 734436, False
2026-01-27 01:41:24,176 INFO Rocks.D.Xebec, 352617, 734436, False
2026-01-27 01:41:24,176 INFO ASPI二等兵, 417057, 734436, False
2026-01-27 01:41:24,176 INFO 都城銀行從業員, 6090, 734436, False
2026-01-27 01:41:24,176 INFO 在永恆之門, 667009, 734436, False
2026-01-27 01:41:24,176 INFO MarioFart, 132971, 734436, False
2026-01-27 01:41:24,176 INFO 松本米青, 66933, 734436, False
2026-01-27 01:41:24,176 INFO Look_Like, 126839, 734436, False
2026-01-27 01:41:24,176 INFO 都城銀行從業員, 6090, 734436, False
2026-01-27 01:41:24,176 INFO 李家超有錢, 468538, 734436, False
2026-01-27 01:41:24,176 INFO 在永恆之門, 667009, 734436, False
2026-01-27 01:41:24,176 INFO Rocks.D.Xebec, 352617, 734436, False
2026-01-27 01:41:32,789 INFO Processing https://lihkg.com/api_v2/thread/4050863/page/11
2026-01-27 01:41:32,789 INFO Processing thread page items: 11
2026-01-27 01:41:32,789 INFO 在永恆之門, 667009, 734436, False
2026-01-27 01:41:32,789 INFO 上線外賣仔, 318163, 734436, False
2026-01-27 01:41:32,789 INFO 0098, 232328, 734436, False
2026-01-27 01:41:32,789 INFO 天佑烏克蘭, 81947, 734436, False
2026-01-27 01:41:32,789 INFO 在永恆之門, 667009, 734436, False
2026-01-27 01:41:32,789 INFO 都城銀行從業員, 6090, 734436, False
2026-01-27 01:41:32,789 INFO 你冇腦彈撚開啦, 694447, 734436, False
2026-01-27 01:41:32,789 INFO 李家超有錢, 468538, 734436, False
2026-01-27 01:41:32,789 INFO 上線外賣仔, 318163, 734436, False
2026-01-27 01:41:32,789 INFO 在永恆之門, 667009, 734436, False
2026-01-27 01:41:32,789 INFO 你冇腦彈撚開啦, 694447, 734436, False
2026-01-27 01:41:32,789 INFO 言念氵青林疋, 219011, 734436, False
2026-01-27 01:41:32,789 INFO 動態牛熊黃仁勳, 520970, 734436, False
2026-01-27 01:41:32,789 INFO 你冇腦彈撚開啦, 694447, 734436, False
2026-01-27 01:41:32,789 INFO SHOWMAKER, 11879, 734436, False
2026-01-27 01:41:32,790 INFO 奧斯卡關, 146493, 734436, False
2026-01-27 01:41:32,790 INFO 蝦翁隻喵, 63853, 734436, False
2026-01-27 01:41:32,790 INFO SHOWMAKER, 11879, 734436, False
2026-01-27 01:41:32,790 INFO ASPI二等兵, 417057, 734436, False
2026-01-27 01:41:32,790 INFO ASPI二等兵, 417057, 734436, False
2026-01-27 01:41:32,790 INFO 你冇腦彈撚開啦, 694447, 734436, False
2026-01-27 01:41:32,790 INFO SHOWMAKER, 11879, 734436, False
2026-01-27 01:41:32,790 INFO 你冇腦彈撚開啦, 694447, 734436, False
2026-01-27 01:41:32,790 INFO 在永恆之門, 667009, 734436, False
2026-01-27 01:41:32,790 INFO Look_Like, 126839, 734436, False
2026-01-27 01:41:42,159 WARNING Thread page request failed
2026-01-27 01:41:42,542 WARNING Thread page request failed
2026-01-27 01:41:42,979 WARNING Thread page request failed
2026-01-27 01:41:43,338 WARNING Thread page request failed
2026-01-27 01:41:43,714 WARNING Thread page request failed
2026-01-27 01:41:44,078 WARNING Thread page request failed
2026-01-27 01:41:44,451 WARNING Thread page request failed
2026-01-27 01:41:44,827 WARNING Thread page request failed
2026-01-27 01:41:45,214 WARNING Thread page request failed
2026-01-27 01:41:45,602 WARNING Thread page request failed
2026-01-27 01:41:45,964 WARNING Thread page request failed
2026-01-27 01:41:46,324 WARNING Thread page request failed
2026-01-27 01:41:46,691 WARNING Thread page request failed
2026-01-27 01:41:47,056 WARNING Thread page request failed
2026-01-27 01:41:47,417 WARNING Thread page request failed
2026-01-27 01:41:47,777 WARNING Thread page request failed
2026-01-27 01:42:00,697 INFO Starting scraper
2026-01-27 01:42:03,541 INFO Category response parsed
2026-01-27 01:42:04,545 INFO Matched thread
2026-01-27 01:42:04,731 INFO Scraping thread pages
2026-01-27 01:42:08,155 INFO Thread total pages
2026-01-27 01:42:08,155 INFO Processing thread page items: 1
2026-01-27 01:42:08,155 INFO clkong, 212727, 734436, False
2026-01-27 01:42:08,155 INFO 蒲燒鰻魚飯, 131524, 734436, False
2026-01-27 01:42:08,155 INFO 水靜茹鏡, 37520, 734436, False
2026-01-27 01:42:08,156 INFO Woho, 31844, 734436, False
2026-01-27 01:42:08,156 INFO 蒙地卡羅的秘密, 64749, 734436, False
2026-01-27 01:42:08,156 INFO 2年前, 717698, 734436, False
2026-01-27 01:42:08,156 INFO 2年前, 717698, 734436, False
2026-01-27 01:42:08,156 INFO Mediumrare, 89722, 734436, False
2026-01-27 01:42:08,156 INFO 2年前, 717698, 734436, False
2026-01-27 01:42:08,156 INFO 瘦父(好眼訓), 176700, 734436, False
2026-01-27 01:42:08,156 INFO 賈雨村, 51469, 734436, False
2026-01-27 01:42:08,156 INFO 最衰都係連登仔!, 44435, 734436, False
2026-01-27 01:42:08,156 INFO 2年前, 717698, 734436, False
2026-01-27 01:42:08,156 INFO 人類智慧的起源, 102081, 734436, False
2026-01-27 01:42:08,156 INFO 申留真之灼見, 459874, 734436, False
2026-01-27 01:42:08,156 INFO 燒味飯, 148438, 734436, False
2026-01-27 01:42:08,156 INFO 三文魚腩刺身, 131368, 734436, False
2026-01-27 01:42:08,156 INFO 比企谷八幡, 2411, 734436, False
2026-01-27 01:42:08,156 INFO S.Berahino, 21469, 734436, False
2026-01-27 01:42:08,156 INFO 柯屎唔抹嘴, 52161, 734436, False
2026-01-27 01:42:08,156 INFO UNH, 104865, 734436, False
2026-01-27 01:42:08,156 INFO 送你綠帽身體好, 22584, 734436, False
2026-01-27 01:42:08,156 INFO 柯屎唔抹嘴, 52161, 734436, False
2026-01-27 01:42:08,156 INFO 黑色毛毛, 415753, 734436, False
2026-01-27 01:42:08,156 INFO 我條女係煩膠, 395342, 734436, False
2026-01-27 01:42:09,809 INFO Processing https://lihkg.com/api_v2/thread/4049394/page/2
2026-01-27 01:42:09,810 INFO Processing thread page items: 2
2026-01-27 01:42:09,810 INFO DavidVilla7, 953, 734436, False
2026-01-27 01:42:09,810 INFO 哥是Dick, 16825, 734436, False
2026-01-27 01:42:09,810 INFO 簫塞胸器中, 13382, 734436, False
2026-01-27 01:42:09,810 INFO 樓下是白卡, 480437, 734436, False
2026-01-27 01:42:09,810 INFO Look_Like, 126839, 734436, False
2026-01-27 01:42:09,810 INFO SHOWMAKER, 11879, 734436, False
2026-01-27 01:42:09,810 INFO 瘋狂抽插哈哈哈, 346744, 734436, False
2026-01-27 01:42:09,810 INFO 布里克斯兵, 368475, 734436, False
2026-01-27 01:42:09,810 INFO 你唔撚好再扮男人, 406967, 734436, False
2026-01-27 01:42:09,810 INFO ASPI二等兵, 417057, 734436, False
2026-01-27 01:42:09,810 INFO 自動貓操作員, 133086, 734436, False
2026-01-27 01:42:09,810 INFO 人類智慧的起源, 102081, 734436, False
2026-01-27 01:42:09,810 INFO 時日無多, 82547, 734436, False
2026-01-27 01:42:09,810 INFO 喵喵貓, 49669, 734436, False
2026-01-27 01:42:09,810 INFO 潘生（唔去馬）, 613527, 734436, False
2026-01-27 01:42:09,810 INFO 潘生（唔去馬）, 613527, 734436, False
2026-01-27 01:42:09,810 INFO 諗緊改乜名, 446039, 734436, False
2026-01-27 01:42:09,810 INFO 荔枝角拾棒, 11022, 734436, False
2026-01-27 01:42:09,810 INFO 四季平平安安安, 298840, 734436, False
2026-01-27 01:42:09,810 INFO Rainbooow, 46706, 734436, False
2026-01-27 01:42:09,810 INFO 宮崎駿美術館, 82865, 734436, False
2026-01-27 01:42:09,810 INFO 2年前, 717698, 734436, False
2026-01-27 01:42:09,810 INFO 恭介同學, 31675, 734436, False
2026-01-27 01:42:09,810 INFO 先天不足, 277308, 734436, False
2026-01-27 01:42:09,810 INFO 遲了應當悔改, 393395, 734436, False
2026-01-27 01:42:17,831 INFO Processing https://lihkg.com/api_v2/thread/4049394/page/3
2026-01-27 01:42:17,831 INFO Processing thread page items: 3
2026-01-27 01:42:17,831 INFO 簫塞胸器中, 13382, 734436, False
2026-01-27 01:42:17,831 INFO 幾時世界末日, 186523, 734436, False
2026-01-27 01:42:17,831 INFO 窮米高, 110533, 734436, False
2026-01-27 01:42:17,831 INFO C.C., 17954, 734436, False
2026-01-27 01:42:17,831 INFO 布里克斯兵, 368475, 734436, False
2026-01-27 01:42:17,831 INFO 先天不足, 277308, 734436, False
2026-01-27 01:42:17,831 INFO 平成小偽娘, 501570, 734436, False
2026-01-27 01:42:17,831 INFO 柯屎唔抹嘴, 52161, 734436, False
2026-01-27 01:42:17,831 INFO 柯屎唔抹嘴, 52161, 734436, False
2026-01-27 01:42:17,831 INFO 送你綠帽身體好, 22584, 734436, False
2026-01-27 01:42:17,831 INFO 窮米高, 110533, 734436, False
2026-01-27 01:42:17,831 INFO 洗腦式催眠曲, 148449, 734436, False
2026-01-27 01:42:17,831 INFO 珍奶半糖小冰, 125935, 734436, False
2026-01-27 01:42:17,831 INFO 有分析認為, 166474, 734436, False
2026-01-27 01:42:17,832 INFO 漢語多功能字庫, 29836, 734436, False
2026-01-27 01:42:17,832 INFO LAC, 734436, 734436, True
2026-01-27 01:42:17,834 INFO Stored target user comment
2026-01-27 01:42:17,834 INFO 珍奶半糖小冰, 125935, 734436, False
2026-01-27 01:42:17,834 INFO 柯屎唔抹嘴, 52161, 734436, False
2026-01-27 01:42:17,834 INFO 愛國高材, 11299, 734436, False
2026-01-27 01:42:17,835 INFO 咪撚鳩搞先, 694479, 734436, False
2026-01-27 01:42:17,835 INFO 2年前, 717698, 734436, False
2026-01-27 01:42:17,835 INFO 柯屎唔抹嘴, 52161, 734436, False
2026-01-27 01:42:17,835 INFO 印尼小弟, 220892, 734436, False
2026-01-27 01:42:17,835 INFO 2年前, 717698, 734436, False
2026-01-27 01:42:17,835 INFO LittleMice99, 514685, 734436, False
2026-01-27 01:42:28,796 INFO Processing https://lihkg.com/api_v2/thread/4049394/page/4
2026-01-27 01:42:28,798 INFO Processing thread page items: 4
2026-01-27 01:42:28,798 INFO 比企谷八幡, 2411, 734436, False
2026-01-27 01:42:28,798 INFO LittleMice99, 514685, 734436, False
2026-01-27 01:42:28,798 INFO 2年前, 717698, 734436, False
2026-01-27 01:42:28,798 INFO Ragdoll招財貓, 37393, 734436, False
2026-01-27 01:42:28,799 INFO 2年前, 717698, 734436, False
2026-01-27 01:42:28,799 INFO LittleMice99, 514685, 734436, False
2026-01-27 01:42:28,799 INFO 愛國高材, 11299, 734436, False
2026-01-27 01:42:28,799 INFO 印尼小弟, 220892, 734436, False
2026-01-27 01:42:28,799 INFO 有分析認為, 166474, 734436, False
2026-01-27 01:42:28,799 INFO 愛國高材, 11299, 734436, False
2026-01-27 01:42:28,800 INFO C.C., 17954, 734436, False
2026-01-27 01:42:28,800 INFO 有分析認為, 166474, 734436, False
2026-01-27 01:42:28,800 INFO 有分析認為, 166474, 734436, False
2026-01-27 01:42:28,800 INFO 先天不足, 277308, 734436, False
2026-01-27 01:42:28,800 INFO LAC, 734436, 734436, True
2026-01-27 01:42:28,804 INFO Stored target user comment
2026-01-27 01:42:28,805 INFO LittleMice99, 514685, 734436, False
2026-01-27 01:42:28,805 INFO 窮米高, 110533, 734436, False
2026-01-27 01:42:28,805 INFO LittleMice99, 514685, 734436, False
2026-01-27 01:42:28,805 INFO LAC, 734436, 734436, True
2026-01-27 01:42:28,808 INFO Stored target user comment
2026-01-27 01:42:28,808 INFO 20CM不含頭, 198900, 734436, False
2026-01-27 01:42:28,808 INFO LittleMice99, 514685, 734436, False
2026-01-27 01:42:28,808 INFO TomatoFish, 134912, 734436, False
2026-01-27 01:42:28,808 INFO LAC, 734436, 734436, True
2026-01-27 01:42:28,811 INFO Stored target user comment
2026-01-27 01:42:28,811 INFO 攬住腩, 109923, 734436, False
2026-01-27 01:42:28,812 INFO LAC, 734436, 734436, True
2026-01-27 01:42:28,813 INFO Stored target user comment
2026-01-27 01:42:35,812 INFO Processing https://lihkg.com/api_v2/thread/4049394/page/5
2026-01-27 01:42:35,813 INFO Processing thread page items: 5
2026-01-27 01:42:35,813 INFO 月銀貓, 254555, 734436, False
2026-01-27 01:42:35,813 INFO 攬住腩, 109923, 734436, False
2026-01-27 01:42:35,813 INFO LAC, 734436, 734436, True
2026-01-27 01:42:35,817 INFO Stored target user comment
2026-01-27 01:42:35,817 INFO Samsung, 207955, 734436, False
2026-01-27 01:42:35,817 INFO 激進建制派, 143078, 734436, False
2026-01-27 01:42:35,817 INFO C.C., 17954, 734436, False
2026-01-27 01:42:35,817 INFO LittleMice99, 514685, 734436, False
2026-01-27 01:42:35,818 INFO LAC, 734436, 734436, True
2026-01-27 01:42:35,820 INFO Stored target user comment
2026-01-27 01:42:35,820 INFO 有分析認為, 166474, 734436, False
2026-01-27 01:42:35,820 INFO LAC, 734436, 734436, True
2026-01-27 01:42:35,822 INFO Stored target user comment
2026-01-27 01:42:35,822 INFO LittleMice99, 514685, 734436, False
2026-01-27 01:42:35,822 INFO 咪撚鳩搞先, 694479, 734436, False
2026-01-27 01:42:35,822 INFO 刀下留人, 80103, 734436, False
2026-01-27 01:42:35,822 INFO TomatoFish, 134912, 734436, False
2026-01-27 01:42:35,822 INFO 珍奶半糖小冰, 125935, 734436, False
2026-01-27 01:42:35,822 INFO clkong, 212727, 734436, False
2026-01-27 01:42:35,822 INFO 瘋狂抽插哈哈哈, 346744, 734436, False
2026-01-27 01:42:35,822 INFO Dio., 134925, 734436, False
2026-01-27 01:42:35,822 INFO 咪撚鳩搞先, 694479, 734436, False
2026-01-27 01:42:35,822 INFO 簫塞胸器中, 13382, 734436, False
2026-01-27 01:42:35,822 INFO S.Berahino, 21469, 734436, False
2026-01-27 01:42:35,823 INFO S.Berahino, 21469, 734436, False
2026-01-27 01:42:35,823 INFO 20CM不含頭, 198900, 734436, False
2026-01-27 01:42:35,823 INFO 瘋狂抽插哈哈哈, 346744, 734436, False
2026-01-27 01:42:35,823 INFO 簫塞胸器中, 13382, 734436, False
2026-01-27 01:42:46,426 INFO Processing https://lihkg.com/api_v2/thread/4049394/page/6
2026-01-27 01:42:46,426 INFO Processing thread page items: 6
2026-01-27 01:42:46,426 INFO clkong, 212727, 734436, False
2026-01-27 01:42:46,426 INFO LittleMice99, 514685, 734436, False
2026-01-27 01:42:46,426 INFO C.C., 17954, 734436, False
2026-01-27 01:42:46,426 INFO TomatoFish, 134912, 734436, False
2026-01-27 01:42:46,426 INFO 遲了應當悔改, 393395, 734436, False
2026-01-27 01:42:46,427 INFO 伊撒古·尊路, 2098, 734436, False
2026-01-27 01:42:46,427 INFO 揮手自茲去, 458969, 734436, False
2026-01-27 01:42:46,427 INFO 柯屎唔抹嘴, 52161, 734436, False
2026-01-27 01:42:46,427 INFO LittleMice99, 514685, 734436, False
2026-01-27 01:42:46,427 INFO 柯屎唔抹嘴, 52161, 734436, False
2026-01-27 01:42:46,427 INFO 伊撒古·尊路, 2098, 734436, False
2026-01-27 01:42:46,427 INFO 2年前, 717698, 734436, False
2026-01-27 01:42:46,427 INFO 簫塞胸器中, 13382, 734436, False
2026-01-27 01:42:46,427 INFO 蛋嘔字, 52076, 734436, False
2026-01-27 01:42:46,427 INFO 先天不足, 277308, 734436, False
2026-01-27 01:42:46,427 INFO LAC, 734436, 734436, True
2026-01-27 01:42:46,431 INFO Stored target user comment
2026-01-27 01:42:46,432 INFO LAC, 734436, 734436, True
2026-01-27 01:42:46,434 INFO Stored target user comment
2026-01-27 01:42:46,434 INFO clkong, 212727, 734436, False
2026-01-27 01:42:46,434 INFO 動態牛熊黃仁勳, 520970, 734436, False
2026-01-27 01:42:46,434 INFO clkong, 212727, 734436, False
2026-01-27 01:42:46,434 INFO 簫塞胸器中, 13382, 734436, False
2026-01-27 01:42:46,434 INFO 花謝花飛, 108269, 734436, False
2026-01-27 01:42:46,434 INFO 揮手自茲去, 458969, 734436, False
2026-01-27 01:42:46,435 INFO 黎Mon, 422415, 734436, False
2026-01-27 01:42:46,435 INFO 柯屎唔抹嘴, 52161, 734436, False
2026-01-27 01:42:56,030 INFO Processing https://lihkg.com/api_v2/thread/4049394/page/7
2026-01-27 01:42:56,030 INFO Processing thread page items: 7
2026-01-27 01:42:56,030 INFO 愛國高材, 11299, 734436, False
2026-01-27 01:42:56,030 INFO 有人揸的飛機, 24168, 734436, False
2026-01-27 01:42:56,030 INFO clkong, 212727, 734436, False
2026-01-27 01:42:56,031 INFO 2年前, 717698, 734436, False
2026-01-27 01:42:56,031 INFO 柯屎唔抹嘴, 52161, 734436, False
2026-01-27 01:42:56,031 INFO 2年前, 717698, 734436, False
2026-01-27 01:42:56,031 INFO RJRJJ, 35271, 734436, False
2026-01-27 01:42:56,031 INFO 2年前, 717698, 734436, False
2026-01-27 01:42:56,031 INFO 窮米高, 110533, 734436, False
2026-01-27 01:42:56,031 INFO 刀下留人, 80103, 734436, False
2026-01-27 01:42:56,031 INFO 你識我？, 64051, 734436, False
2026-01-27 01:42:56,031 INFO 謝謝對不起, 16245, 734436, False
2026-01-27 01:42:56,031 INFO 2年前, 717698, 734436, False
2026-01-27 01:42:56,031 INFO 2年前, 717698, 734436, False
2026-01-27 01:42:56,031 INFO 和記雙花紅棍, 99049, 734436, False
2026-01-27 01:42:56,031 INFO 送你綠帽身體好, 22584, 734436, False
2026-01-27 01:42:56,031 INFO 2年前, 717698, 734436, False
2026-01-27 01:42:56,031 INFO 富二十代, 42917, 734436, False
2026-01-27 01:42:56,031 INFO 飛田新地海難, 167449, 734436, False
2026-01-27 01:42:56,031 INFO LAC, 734436, 734436, True
2026-01-27 01:42:56,033 INFO Stored target user comment
2026-01-27 01:42:56,033 INFO 飛田新地海難, 167449, 734436, False
2026-01-27 01:42:56,034 INFO 柯屎唔抹嘴, 52161, 734436, False
2026-01-27 01:42:56,034 INFO 柯屎唔抹嘴, 52161, 734436, False
2026-01-27 01:42:56,034 INFO 三夫佬, 76806, 734436, False
2026-01-27 01:42:56,034 INFO 窮米高, 110533, 734436, False
2026-01-27 01:43:02,789 INFO Processing https://lihkg.com/api_v2/thread/4049394/page/8
2026-01-27 01:43:02,789 INFO Processing thread page items: 8
2026-01-27 01:43:02,789 INFO LAC, 734436, 734436, True
2026-01-27 01:43:02,796 INFO Stored target user comment
2026-01-27 01:43:02,796 INFO 送你綠帽身體好, 22584, 734436, False
2026-01-27 01:43:02,797 INFO LAC, 734436, 734436, True
2026-01-27 01:43:02,800 INFO Stored target user comment
2026-01-27 01:43:02,800 INFO LAC, 734436, 734436, True
2026-01-27 01:43:02,805 INFO Stored target user comment
2026-01-27 01:43:02,805 INFO 美股傳心師, 44638, 734436, False
2026-01-27 01:43:02,806 INFO 窮米高, 110533, 734436, False
2026-01-27 01:43:02,806 INFO 送你綠帽身體好, 22584, 734436, False
2026-01-27 01:43:02,806 INFO 富二十代, 42917, 734436, False
2026-01-27 01:43:02,806 INFO 2年前, 717698, 734436, False
2026-01-27 01:43:02,806 INFO 2年前, 717698, 734436, False
2026-01-27 01:43:02,806 INFO 遲了應當悔改, 393395, 734436, False
2026-01-27 01:43:02,806 INFO 人肉fing啫機, 1044, 734436, False
2026-01-27 01:43:02,806 INFO 一隻狗向西走, 90855, 734436, False
2026-01-27 01:43:02,806 INFO LAC, 734436, 734436, True
2026-01-27 01:43:02,808 INFO Stored target user comment
2026-01-27 01:43:02,809 INFO 送你綠帽身體好, 22584, 734436, False
2026-01-27 01:43:02,810 INFO 富二十代, 42917, 734436, False
2026-01-27 01:43:02,810 INFO 富二十代, 42917, 734436, False
2026-01-27 01:43:02,810 INFO C.C., 17954, 734436, False
2026-01-27 01:43:02,810 INFO 2年前, 717698, 734436, False
2026-01-27 01:43:02,810 INFO 飛田新地海難, 167449, 734436, False
2026-01-27 01:43:02,810 INFO LAC, 734436, 734436, True
2026-01-27 01:43:02,813 INFO Stored target user comment
2026-01-27 01:43:02,813 INFO 遲了應當悔改, 393395, 734436, False
2026-01-27 01:43:02,813 INFO 飛田新地海難, 167449, 734436, False
2026-01-27 01:43:02,813 INFO 2年前, 717698, 734436, False
2026-01-27 01:43:02,813 INFO 20CM不含頭, 198900, 734436, False
2026-01-27 01:43:12,399 INFO Processing https://lihkg.com/api_v2/thread/4049394/page/9
2026-01-27 01:43:12,400 INFO Processing thread page items: 9
2026-01-27 01:43:12,400 INFO 瘋狂抽插哈哈哈, 346744, 734436, False
2026-01-27 01:43:12,400 INFO 2年前, 717698, 734436, False
2026-01-27 01:43:12,401 INFO LAC, 734436, 734436, True
2026-01-27 01:43:12,404 INFO Stored target user comment
2026-01-27 01:43:12,404 INFO 珍奶半糖小冰, 125935, 734436, False
2026-01-27 01:43:12,404 INFO 瘋狂抽插哈哈哈, 346744, 734436, False
2026-01-27 01:43:12,404 INFO 申留真之灼見, 459874, 734436, False
2026-01-27 01:43:12,404 INFO LAC, 734436, 734436, True
2026-01-27 01:43:12,406 INFO Stored target user comment
2026-01-27 01:43:12,407 INFO 窮米高, 110533, 734436, False
2026-01-27 01:43:12,407 INFO 愛國高材, 11299, 734436, False
2026-01-27 01:43:12,407 INFO 2年前, 717698, 734436, False
2026-01-27 01:43:12,407 INFO 窮米高, 110533, 734436, False
2026-01-27 01:43:12,407 INFO clkong, 212727, 734436, False
2026-01-27 01:43:12,407 INFO 2年前, 717698, 734436, False
2026-01-27 01:43:12,409 INFO LittleMice99, 514685, 734436, False
2026-01-27 01:43:12,409 INFO 窮米高, 110533, 734436, False
2026-01-27 01:43:12,409 INFO 2年前, 717698, 734436, False
2026-01-27 01:43:12,409 INFO clkong, 212727, 734436, False
2026-01-27 01:43:12,409 INFO 2年前, 717698, 734436, False
2026-01-27 01:43:12,410 INFO 你冇腦彈撚開啦, 694447, 734436, False
2026-01-27 01:43:12,410 INFO 謝謝對不起, 16245, 734436, False
2026-01-27 01:43:12,410 INFO 簫塞胸器中, 13382, 734436, False
2026-01-27 01:43:12,410 INFO 2年前, 717698, 734436, False
2026-01-27 01:43:12,410 INFO LAC, 734436, 734436, True
2026-01-27 01:43:12,413 INFO Stored target user comment
2026-01-27 01:43:12,413 INFO clkong, 212727, 734436, False
2026-01-27 01:43:12,414 INFO 2年前, 717698, 734436, False
2026-01-27 01:43:18,946 INFO Processing https://lihkg.com/api_v2/thread/4049394/page/10
2026-01-27 01:43:18,947 INFO Processing thread page items: 10
2026-01-27 01:43:18,947 INFO 申留真之灼見, 459874, 734436, False
2026-01-27 01:43:18,947 INFO APLD教主, 138557, 734436, False
2026-01-27 01:43:18,947 INFO clkong, 212727, 734436, False
2026-01-27 01:43:18,947 INFO APLD教主, 138557, 734436, False
2026-01-27 01:43:18,947 INFO APLD教主, 138557, 734436, False
2026-01-27 01:43:18,947 INFO 2年前, 717698, 734436, False
2026-01-27 01:43:18,947 INFO 天煞沽升, 505830, 734436, False
2026-01-27 01:43:18,947 INFO APLD教主, 138557, 734436, False
2026-01-27 01:43:18,947 INFO 天煞沽升, 505830, 734436, False
2026-01-27 01:43:18,948 INFO APLD教主, 138557, 734436, False
2026-01-27 01:43:18,948 INFO Ragdoll招財貓, 37393, 734436, False
2026-01-27 01:43:18,948 INFO 珍奶半糖小冰, 125935, 734436, False
2026-01-27 01:43:18,948 INFO APLD教主, 138557, 734436, False
2026-01-27 01:43:18,948 INFO 瘋狂抽插哈哈哈, 346744, 734436, False
2026-01-27 01:43:18,948 INFO IloveBuffett, 535922, 734436, False
2026-01-27 01:43:18,948 INFO 珍奶半糖小冰, 125935, 734436, False
2026-01-27 01:43:18,948 INFO 簫塞胸器中, 13382, 734436, False
2026-01-27 01:43:18,948 INFO clkong, 212727, 734436, False
2026-01-27 01:43:18,948 INFO 簫塞胸器中, 13382, 734436, False
2026-01-27 01:43:18,949 INFO clkong, 212727, 734436, False
2026-01-27 01:43:18,949 INFO 窮米高, 110533, 734436, False
2026-01-27 01:43:18,949 INFO 做小閪, 174001, 734436, False
2026-01-27 01:43:18,949 INFO 2年前, 717698, 734436, False
2026-01-27 01:43:18,949 INFO 天頂片道切符, 293541, 734436, False
2026-01-27 01:43:18,949 INFO 蝦膏蟹醬, 2290, 734436, False
2026-01-27 01:43:25,742 INFO Processing https://lihkg.com/api_v2/thread/4049394/page/11
2026-01-27 01:43:25,742 INFO Processing thread page items: 11
2026-01-27 01:43:25,742 INFO Moshe_Safdie, 65790, 734436, False
2026-01-27 01:43:25,742 INFO 2年前, 717698, 734436, False
2026-01-27 01:43:25,742 INFO Gay本野, 281138, 734436, False
2026-01-27 01:43:25,742 INFO LAC, 734436, 734436, True
2026-01-27 01:43:25,745 INFO Stored target user comment
2026-01-27 01:43:25,745 INFO LAC, 734436, 734436, True
2026-01-27 01:43:25,747 INFO Stored target user comment
2026-01-27 01:43:25,747 INFO 2年前, 717698, 734436, False
2026-01-27 01:43:25,747 INFO 羽衣紫音, 366764, 734436, False
2026-01-27 01:43:25,747 INFO 花謝花飛, 108269, 734436, False
2026-01-27 01:43:25,747 INFO 2年前, 717698, 734436, False
2026-01-27 01:43:25,747 INFO clkong, 212727, 734436, False
2026-01-27 01:43:25,747 INFO 遲了應當悔改, 393395, 734436, False
2026-01-27 01:43:25,747 INFO clkong, 212727, 734436, False
2026-01-27 01:43:25,748 INFO 動態牛熊黃仁勳, 520970, 734436, False
2026-01-27 01:43:25,748 INFO pwjdbckdk, 161550, 734436, False
2026-01-27 01:43:25,748 INFO 迷因儲備局局長, 393169, 734436, False
2026-01-27 01:43:25,749 INFO clkong, 212727, 734436, False
2026-01-27 01:43:25,749 INFO LAC, 734436, 734436, True
2026-01-27 01:43:25,751 INFO Stored target user comment
2026-01-27 01:43:25,751 INFO clkong, 212727, 734436, False
2026-01-27 01:43:25,751 INFO LAC, 734436, 734436, True
2026-01-27 01:43:25,753 INFO Stored target user comment
2026-01-27 01:43:25,753 INFO LittleMice99, 514685, 734436, False
2026-01-27 01:43:25,753 INFO clkong, 212727, 734436, False
2026-01-27 01:43:25,753 INFO LAC, 734436, 734436, True
2026-01-27 01:43:25,755 INFO Stored target user comment
2026-01-27 01:43:25,755 INFO clkong, 212727, 734436, False
2026-01-27 01:43:25,755 INFO 2年前, 717698, 734436, False
2026-01-27 01:43:25,755 INFO 2年前, 717698, 734436, False
2026-01-27 01:43:36,323 INFO Processing https://lihkg.com/api_v2/thread/4049394/page/12
2026-01-27 01:43:36,324 INFO Processing thread page items: 12
2026-01-27 01:43:36,324 INFO clkong, 212727, 734436, False
2026-01-27 01:43:36,324 INFO LAC, 734436, 734436, True
2026-01-27 01:43:36,328 INFO Stored target user comment
2026-01-27 01:43:36,328 INFO LAC, 734436, 734436, True
2026-01-27 01:43:36,330 INFO Stored target user comment
2026-01-27 01:43:36,330 INFO 2年前, 717698, 734436, False
2026-01-27 01:43:36,330 INFO LAC, 734436, 734436, True
2026-01-27 01:43:36,331 INFO Stored target user comment
2026-01-27 01:43:36,332 INFO 2年前, 717698, 734436, False
2026-01-27 01:43:36,332 INFO 你識我？, 64051, 734436, False
2026-01-27 01:43:36,332 INFO 你識我？, 64051, 734436, False
2026-01-27 01:43:36,332 INFO 2年前, 717698, 734436, False
2026-01-27 01:43:36,332 INFO LAC, 734436, 734436, True
2026-01-27 01:43:36,334 INFO Stored target user comment
2026-01-27 01:43:36,334 INFO 2年前, 717698, 734436, False
2026-01-27 01:43:36,334 INFO 人類智慧的起源, 102081, 734436, False
2026-01-27 01:43:36,334 INFO 2年前, 717698, 734436, False
2026-01-27 01:43:36,334 INFO RBLeipzig, 59583, 734436, False
2026-01-27 01:43:36,334 INFO LAC, 734436, 734436, True
2026-01-27 01:43:36,336 INFO Stored target user comment
2026-01-27 01:43:36,336 INFO 2年前, 717698, 734436, False
2026-01-27 01:43:36,336 INFO clkong, 212727, 734436, False
2026-01-27 01:43:36,336 INFO 你冇腦彈撚開啦, 694447, 734436, False
2026-01-27 01:43:36,336 INFO 送你綠帽身體好, 22584, 734436, False
2026-01-27 01:43:36,337 INFO clkong, 212727, 734436, False
2026-01-27 01:43:36,337 INFO 2年前, 717698, 734436, False
2026-01-27 01:43:36,337 INFO 激進建制派, 143078, 734436, False
2026-01-27 01:43:36,337 INFO 窮米高, 110533, 734436, False
2026-01-27 01:43:36,337 INFO 愛情是毒品, 152040, 734436, False
2026-01-27 01:43:36,337 INFO 窮米高, 110533, 734436, False
2026-01-27 01:43:46,774 WARNING Thread page request failed
2026-01-27 01:43:47,760 WARNING Thread page request failed
2026-01-27 01:43:48,671 WARNING Thread page request failed
2026-01-27 01:43:49,333 WARNING Thread page request failed
2026-01-27 01:43:49,994 WARNING Thread page request failed
2026-01-27 01:43:51,584 WARNING Thread page request failed
2026-01-27 01:43:52,479 WARNING Thread page request failed
2026-01-27 01:43:53,754 WARNING Thread page request failed
2026-01-27 01:43:55,979 WARNING Thread page request failed
2026-01-27 01:43:56,876 WARNING Thread page request failed
2026-01-27 01:43:58,070 WARNING Thread page request failed
2026-01-27 01:43:58,947 WARNING Thread page request failed
2026-01-27 01:43:59,825 WARNING Thread page request failed
2026-01-27 01:44:01,734 WARNING Thread page request failed
2026-01-27 01:44:02,790 WARNING Thread page request failed
2026-01-27 01:44:03,802 WARNING Thread page request failed
2026-01-27 01:44:04,665 WARNING Thread page request failed
2026-01-27 01:44:05,938 WARNING Thread page request failed
2026-01-27 01:44:06,990 WARNING Thread page request failed
2026-01-27 01:44:09,312 WARNING Thread page request failed
2026-01-27 01:44:10,161 WARNING Thread page request failed
2026-01-27 01:44:11,741 WARNING Thread page request failed
2026-01-27 01:44:12,679 WARNING Thread page request failed
2026-01-27 01:44:15,715 INFO Matched thread
2026-01-27 01:44:15,936 INFO Scraping thread pages
2026-01-27 01:44:18,253 WARNING Thread page request failed
2026-01-27 01:44:21,273 INFO Scrape completed
2026-01-29 00:34:48,889 INFO Starting scraper
2026-01-29 00:34:49,567 INFO Category response parsed
2026-01-29 00:34:50,575 INFO Matched thread
2026-01-29 00:34:50,747 INFO Scraping thread pages
2026-01-29 00:34:51,040 INFO Thread total pages
2026-01-29 00:34:51,040 INFO Processing thread page items: 1
2026-01-29 00:34:51,040 INFO clkong, 212727, 734436, False
2026-01-29 00:34:51,040 INFO Beethoven., 18886, 734436, False
2026-01-29 00:34:51,040 INFO 女B, 171767, 734436, False
2026-01-29 00:34:51,040 INFO IFRS17, 299433, 734436, False
2026-01-29 00:34:51,040 INFO 送你綠帽身體好, 22584, 734436, False
2026-01-29 00:34:51,040 INFO 遲了應當悔改, 393395, 734436, False
2026-01-29 00:34:51,040 INFO 刀下留人, 80103, 734436, False
2026-01-29 00:34:51,040 INFO 你老豆痴左線, 741003, 734436, False
2026-01-29 00:34:51,040 INFO clkong, 212727, 734436, False
2026-01-29 00:34:51,040 INFO clkong, 212727, 734436, False
2026-01-29 00:34:51,040 INFO 瘦父(好眼訓), 176700, 734436, False
2026-01-29 00:34:51,040 INFO 月銀貓, 254555, 734436, False
2026-01-29 00:34:51,040 INFO 簫塞胸器中, 13382, 734436, False
2026-01-29 00:34:51,040 INFO WengerBall, 9145, 734436, False
2026-01-29 00:34:51,040 INFO clkong, 212727, 734436, False
2026-01-29 00:34:51,040 INFO 女B, 171767, 734436, False
2026-01-29 00:34:51,040 INFO 刀下留人, 80103, 734436, False
2026-01-29 00:34:51,040 INFO clkong, 212727, 734436, False
2026-01-29 00:34:51,040 INFO 我條女係煩膠, 395342, 734436, False
2026-01-29 00:34:51,040 INFO 窮米高, 110533, 734436, False
2026-01-29 00:34:51,040 INFO 女B, 171767, 734436, False
2026-01-29 00:34:51,040 INFO WengerBall, 9145, 734436, False
2026-01-29 00:34:51,040 INFO 燒味飯, 148438, 734436, False
2026-01-29 00:34:51,041 INFO Excel都唔識用, 477957, 734436, False
2026-01-29 00:34:51,041 INFO 刀下留人, 80103, 734436, False
2026-01-29 00:34:51,278 INFO Processing https://lihkg.com/api_v2/thread/4060365/page/2
2026-01-29 00:34:51,278 INFO Processing thread page items: 2
2026-01-29 00:34:51,278 INFO 大熊先生, 278765, 734436, False
2026-01-29 00:34:51,279 INFO 舜飛燕, 54648, 734436, False
2026-01-29 00:34:51,279 INFO LAC, 734436, 734436, True
2026-01-29 00:34:51,282 INFO Stored target user comment
2026-01-29 00:34:51,282 INFO 夜凪景, 2607, 734436, False
2026-01-29 00:34:51,282 INFO 大熊先生, 278765, 734436, False
2026-01-29 00:34:51,282 INFO 夜凪景, 2607, 734436, False
2026-01-29 00:34:51,282 INFO 你唔撚好再扮男人, 406967, 734436, False
2026-01-29 00:34:51,282 INFO 小黑熊貓眼, 1158, 734436, False
2026-01-29 00:34:51,282 INFO 金多寶頭獎得主, 249924, 734436, False
2026-01-29 00:34:51,282 INFO clkong, 212727, 734436, False
2026-01-29 00:34:51,282 INFO clkong, 212727, 734436, False
2026-01-29 00:34:51,282 INFO 愛國高材, 11299, 734436, False
2026-01-29 00:34:51,282 INFO 愛國高材, 11299, 734436, False
2026-01-29 00:34:51,282 INFO 簫塞胸器中, 13382, 734436, False
2026-01-29 00:34:51,282 INFO clkong, 212727, 734436, False
2026-01-29 00:34:51,283 INFO Moshe_Safdie, 65790, 734436, False
2026-01-29 00:34:51,283 INFO 珍奶半糖小冰, 125935, 734436, False
2026-01-29 00:34:51,283 INFO clkong, 212727, 734436, False
2026-01-29 00:34:51,283 INFO 柯屎唔抹嘴, 52161, 734436, False
2026-01-29 00:34:51,283 INFO 2年前, 717698, 734436, False
2026-01-29 00:34:51,283 INFO clkong, 212727, 734436, False
2026-01-29 00:34:51,283 INFO 叔叔受不了, 35656, 734436, False
2026-01-29 00:34:51,283 INFO 小黑熊貓眼, 1158, 734436, False
2026-01-29 00:34:51,283 INFO 2年前, 717698, 734436, False
2026-01-29 00:34:51,283 INFO 潘生（唔去馬）, 613527, 734436, False
2026-01-29 00:35:01,531 INFO Processing https://lihkg.com/api_v2/thread/4060365/page/3
2026-01-29 00:35:01,531 INFO Processing thread page items: 3
2026-01-29 00:35:01,531 INFO 刀下留人, 80103, 734436, False
2026-01-29 00:35:01,531 INFO clkong, 212727, 734436, False
2026-01-29 00:35:01,531 INFO 夜凪景, 2607, 734436, False
2026-01-29 00:35:01,531 INFO 叔叔受不了, 35656, 734436, False
2026-01-29 00:35:01,531 INFO 申留真之灼見, 459874, 734436, False
2026-01-29 00:35:01,531 INFO 大熊先生, 278765, 734436, False
2026-01-29 00:35:01,531 INFO 洗腦式催眠曲, 148449, 734436, False
2026-01-29 00:35:01,531 INFO 窮米高, 110533, 734436, False
2026-01-29 00:35:01,531 INFO 申留真之灼見, 459874, 734436, False
2026-01-29 00:35:01,531 INFO 平成小偽娘, 501570, 734436, False
2026-01-29 00:35:01,531 INFO 大熊先生, 278765, 734436, False
2026-01-29 00:35:01,532 INFO 遠在眼前, 389473, 734436, False
2026-01-29 00:35:01,532 INFO clkong, 212727, 734436, False
2026-01-29 00:35:01,532 INFO clkong, 212727, 734436, False
2026-01-29 00:35:01,532 INFO 送你綠帽身體好, 22584, 734436, False
2026-01-29 00:35:01,532 INFO WengerBall, 9145, 734436, False
2026-01-29 00:35:01,532 INFO 有人揸的飛機, 24168, 734436, False
2026-01-29 00:35:01,532 INFO clkong, 212727, 734436, False
2026-01-29 00:35:01,532 INFO 富二十代, 42917, 734436, False
2026-01-29 00:35:01,532 INFO 20CM不含頭, 198900, 734436, False
2026-01-29 00:35:01,532 INFO 我不是藥煲, 429293, 734436, False
2026-01-29 00:35:01,532 INFO clkong, 212727, 734436, False
2026-01-29 00:35:01,532 INFO 女B, 171767, 734436, False
2026-01-29 00:35:01,532 INFO 動態牛熊黃仁勳, 520970, 734436, False
2026-01-29 00:35:01,532 INFO 送你綠帽身體好, 22584, 734436, False
2026-01-29 00:35:11,763 INFO Processing https://lihkg.com/api_v2/thread/4060365/page/4
2026-01-29 00:35:11,763 INFO Processing thread page items: 4
2026-01-29 00:35:11,763 INFO clkong, 212727, 734436, False
2026-01-29 00:35:11,763 INFO 唔L係路, 87737, 734436, False
2026-01-29 00:35:11,763 INFO LAC, 734436, 734436, True
2026-01-29 00:35:11,765 INFO Stored target user comment
2026-01-29 00:35:11,765 INFO LittleMice99, 514685, 734436, False
2026-01-29 00:35:11,765 INFO LAC, 734436, 734436, True
2026-01-29 00:35:11,767 INFO Stored target user comment
2026-01-29 00:35:11,767 INFO LittleMice99, 514685, 734436, False
2026-01-29 00:35:11,767 INFO 窮米高, 110533, 734436, False
2026-01-29 00:35:11,767 INFO tom.hangs, 124056, 734436, False
2026-01-29 00:35:21,794 INFO Matched thread
2026-01-29 00:35:21,986 INFO Scraping thread pages
2026-01-29 00:35:22,250 INFO Thread total pages
2026-01-29 00:35:22,250 INFO Processing thread page items: 1
2026-01-29 00:35:22,250 INFO 小小甜卜卜趣, 365062, 734436, False
2026-01-29 00:35:22,250 INFO 小小甜卜卜趣, 365062, 734436, False
2026-01-29 00:35:22,250 INFO 咪撚鳩搞先, 694479, 734436, False
2026-01-29 00:35:22,250 INFO 遠走高飛要及時, 636846, 734436, False
2026-01-29 00:35:22,250 INFO helpstar, 100732, 734436, False
2026-01-29 00:35:22,250 INFO helpstar, 100732, 734436, False
2026-01-29 00:35:22,250 INFO Dell滑鼠, 262165, 734436, False
2026-01-29 00:35:22,250 INFO helpstar, 100732, 734436, False
2026-01-29 00:35:22,250 INFO 望住春代爆, 327439, 734436, False
2026-01-29 00:35:22,251 INFO 山本小鐵子, 188176, 734436, False
2026-01-29 00:35:22,251 INFO 山本小鐵子, 188176, 734436, False
2026-01-29 00:35:22,251 INFO 望住春代爆, 327439, 734436, False
2026-01-29 00:35:22,251 INFO LAC, 734436, 734436, True
2026-01-29 00:35:22,254 INFO Stored target user comment
2026-01-29 00:35:22,254 INFO LAC, 734436, 734436, True
2026-01-29 00:35:22,256 INFO Stored target user comment
2026-01-29 00:35:22,256 INFO 將軍澳高比, 98399, 734436, False
2026-01-29 00:35:22,256 INFO helpstar, 100732, 734436, False
2026-01-29 00:35:22,256 INFO helpstar, 100732, 734436, False
2026-01-29 00:35:22,256 INFO helpstar, 100732, 734436, False
2026-01-29 00:35:22,256 INFO LAC, 734436, 734436, True
2026-01-29 00:35:22,258 INFO Stored target user comment
2026-01-29 00:35:22,258 INFO LAC, 734436, 734436, True
2026-01-29 00:35:22,259 INFO Stored target user comment
2026-01-29 00:35:22,259 INFO LAC, 734436, 734436, True
2026-01-29 00:35:22,261 INFO Stored target user comment
2026-01-29 00:35:22,261 INFO LAC, 734436, 734436, True
2026-01-29 00:35:22,263 INFO Stored target user comment
2026-01-29 00:35:22,263 INFO 首席男絲, 485684, 734436, False
2026-01-29 00:35:22,263 INFO 必屎毒撚, 135181, 734436, False
2026-01-29 00:35:22,263 INFO LAC, 734436, 734436, True
2026-01-29 00:35:22,265 INFO Stored target user comment
2026-01-29 00:35:22,468 INFO Processing https://lihkg.com/api_v2/thread/4046873/page/2
2026-01-29 00:35:22,468 INFO Processing thread page items: 2
2026-01-29 00:35:22,468 INFO 首席男絲, 485684, 734436, False
2026-01-29 00:35:22,468 INFO helpstar, 100732, 734436, False
2026-01-29 00:35:22,469 INFO LAC, 734436, 734436, True
2026-01-29 00:35:22,472 INFO Stored target user comment
2026-01-29 00:35:22,472 INFO 首席男絲, 485684, 734436, False
2026-01-29 00:35:22,472 INFO LAC, 734436, 734436, True
2026-01-29 00:35:22,474 INFO Stored target user comment
2026-01-29 00:35:22,474 INFO 大賭可變章魚城, 19411, 734436, False
2026-01-29 00:35:22,474 INFO 史密斯高文, 711891, 734436, False
2026-01-29 00:35:22,474 INFO LAC, 734436, 734436, True
2026-01-29 00:35:22,476 INFO Stored target user comment
2026-01-29 00:35:22,476 INFO 首席男絲, 485684, 734436, False
2026-01-29 00:35:22,476 INFO 珍奶半糖小冰, 125935, 734436, False
2026-01-29 00:35:22,476 INFO 珍奶半糖小冰, 125935, 734436, False
2026-01-29 00:35:22,476 INFO LAC, 734436, 734436, True
2026-01-29 00:35:22,477 INFO Stored target user comment
2026-01-29 00:35:22,477 INFO 天煞沽升, 505830, 734436, False
2026-01-29 00:35:22,478 INFO 小小甜卜卜趣, 365062, 734436, False
2026-01-29 00:35:22,478 INFO 諗名好鬼煩, 132311, 734436, False
2026-01-29 00:35:22,478 INFO 珍奶半糖小冰, 125935, 734436, False
2026-01-29 00:35:22,478 INFO LAC, 734436, 734436, True
2026-01-29 00:35:22,479 INFO Stored target user comment
2026-01-29 00:35:22,480 INFO LAC, 734436, 734436, True
2026-01-29 00:35:22,481 INFO Stored target user comment
2026-01-29 00:35:22,481 INFO 英國大試管, 91944, 734436, False
2026-01-29 00:35:22,482 INFO helpstar, 100732, 734436, False
2026-01-29 00:35:22,482 INFO LAC, 734436, 734436, True
2026-01-29 00:35:22,483 INFO Stored target user comment
2026-01-29 00:35:22,483 INFO helpstar, 100732, 734436, False
2026-01-29 00:35:22,483 INFO helpstar, 100732, 734436, False
2026-01-29 00:35:22,483 INFO Rocks.D.Xebec, 352617, 734436, False
2026-01-29 00:35:22,483 INFO LAC, 734436, 734436, True
2026-01-29 00:35:22,485 INFO Stored target user comment
2026-01-29 00:35:30,768 INFO Processing https://lihkg.com/api_v2/thread/4046873/page/3
2026-01-29 00:35:30,769 INFO Processing thread page items: 3
2026-01-29 00:35:30,769 INFO helpstar, 100732, 734436, False
2026-01-29 00:35:30,769 INFO helpstar, 100732, 734436, False
2026-01-29 00:35:30,769 INFO LAC, 734436, 734436, True
2026-01-29 00:35:30,772 INFO Stored target user comment
2026-01-29 00:35:30,772 INFO LAC, 734436, 734436, True
2026-01-29 00:35:30,774 INFO Stored target user comment
2026-01-29 00:35:30,774 INFO helpstar, 100732, 734436, False
2026-01-29 00:35:30,774 INFO 我隻貓好煩, 69178, 734436, False
2026-01-29 00:35:30,774 INFO helpstar, 100732, 734436, False
2026-01-29 00:35:30,774 INFO helpstar, 100732, 734436, False
2026-01-29 00:35:30,774 INFO LAC, 734436, 734436, True
2026-01-29 00:35:30,776 INFO Stored target user comment
2026-01-29 00:35:30,776 INFO LAC, 734436, 734436, True
2026-01-29 00:35:30,777 INFO Stored target user comment
2026-01-29 00:35:30,777 INFO helpstar, 100732, 734436, False
2026-01-29 00:35:30,777 INFO helpstar, 100732, 734436, False
2026-01-29 00:35:30,777 INFO 天煞沽升, 505830, 734436, False
2026-01-29 00:35:30,777 INFO helpstar, 100732, 734436, False
2026-01-29 00:35:30,778 INFO helpstar, 100732, 734436, False
2026-01-29 00:35:30,778 INFO A5傻牛, 63017, 734436, False
2026-01-29 00:35:30,778 INFO 做小閪, 174001, 734436, False
2026-01-29 00:35:30,778 INFO LAC, 734436, 734436, True
2026-01-29 00:35:30,780 INFO Stored target user comment
2026-01-29 00:35:30,780 INFO 熊不返工, 665920, 734436, False
2026-01-29 00:35:30,780 INFO LAC, 734436, 734436, True
2026-01-29 00:35:30,782 INFO Stored target user comment
2026-01-29 00:35:30,782 INFO 史密斯高文, 711891, 734436, False
2026-01-29 00:35:30,782 INFO LAC, 734436, 734436, True
2026-01-29 00:35:30,784 INFO Stored target user comment
2026-01-29 00:35:30,784 INFO 史密斯高文, 711891, 734436, False
2026-01-29 00:35:30,784 INFO helpstar, 100732, 734436, False
2026-01-29 00:35:30,784 INFO LAC, 734436, 734436, True
2026-01-29 00:35:30,786 INFO Stored target user comment
2026-01-29 00:35:41,160 INFO Processing https://lihkg.com/api_v2/thread/4046873/page/4
2026-01-29 00:35:41,160 INFO Processing thread page items: 4
2026-01-29 00:35:41,161 INFO helpstar, 100732, 734436, False
2026-01-29 00:35:41,161 INFO helpstar, 100732, 734436, False
2026-01-29 00:35:41,161 INFO helpstar, 100732, 734436, False
2026-01-29 00:35:41,161 INFO helpstar, 100732, 734436, False
2026-01-29 00:35:41,161 INFO helpstar, 100732, 734436, False
2026-01-29 00:35:41,161 INFO 珍奶半糖小冰, 125935, 734436, False
2026-01-29 00:35:41,161 INFO LAC, 734436, 734436, True
2026-01-29 00:35:41,165 INFO Stored target user comment
2026-01-29 00:35:41,166 INFO helpstar, 100732, 734436, False
2026-01-29 00:35:41,166 INFO helpstar, 100732, 734436, False
2026-01-29 00:35:41,166 INFO helpstar, 100732, 734436, False
2026-01-29 00:35:41,167 INFO LAC, 734436, 734436, True
2026-01-29 00:35:41,170 INFO Stored target user comment
2026-01-29 00:35:41,170 INFO LAC, 734436, 734436, True
2026-01-29 00:35:41,171 INFO Stored target user comment
2026-01-29 00:35:41,172 INFO 史密斯高文, 711891, 734436, False
2026-01-29 00:35:41,172 INFO 大肥巴, 667176, 734436, False
2026-01-29 00:35:41,172 INFO 大肥巴, 667176, 734436, False
2026-01-29 00:35:41,172 INFO Rocks.D.Xebec, 352617, 734436, False
2026-01-29 00:35:41,172 INFO 渡？美優紀, 67212, 734436, False
2026-01-29 00:35:41,172 INFO J-Walker, 99644, 734436, False
2026-01-29 00:35:41,172 INFO 遠走高飛要及時, 636846, 734436, False
2026-01-29 00:35:41,172 INFO 史密斯高文, 711891, 734436, False
2026-01-29 00:35:41,172 INFO 熊不返工, 665920, 734436, False
2026-01-29 00:35:41,172 INFO LAC, 734436, 734436, True
2026-01-29 00:35:41,174 INFO Stored target user comment
2026-01-29 00:35:41,174 INFO helpstar, 100732, 734436, False
2026-01-29 00:35:41,174 INFO helpstar, 100732, 734436, False
2026-01-29 00:35:41,174 INFO LAC, 734436, 734436, True
2026-01-29 00:35:41,176 INFO Stored target user comment
2026-01-29 00:35:50,503 INFO Processing https://lihkg.com/api_v2/thread/4046873/page/5
2026-01-29 00:35:50,503 INFO Processing thread page items: 5
2026-01-29 00:35:50,503 INFO LAC, 734436, 734436, True
2026-01-29 00:35:50,505 INFO Stored target user comment
2026-01-29 00:35:50,505 INFO 馬拉松, 109133, 734436, False
2026-01-29 00:35:50,505 INFO 首席男絲, 485684, 734436, False
2026-01-29 00:35:50,505 INFO LAC, 734436, 734436, True
2026-01-29 00:35:50,506 INFO Stored target user comment
2026-01-29 00:35:50,506 INFO kof2002, 428411, 734436, False
2026-01-29 00:35:50,506 INFO 山本小鐵子, 188176, 734436, False
2026-01-29 00:35:50,506 INFO 山本小鐵子, 188176, 734436, False
2026-01-29 00:35:50,506 INFO 做小閪, 174001, 734436, False
2026-01-29 00:35:50,506 INFO 山本小鐵子, 188176, 734436, False
2026-01-29 00:35:50,506 INFO 山本小鐵子, 188176, 734436, False
2026-01-29 00:35:50,506 INFO LAC, 734436, 734436, True
2026-01-29 00:35:50,507 INFO Stored target user comment
2026-01-29 00:35:50,507 INFO 史密斯高文, 711891, 734436, False
2026-01-29 00:35:50,507 INFO 做小閪, 174001, 734436, False
2026-01-29 00:35:50,507 INFO 賈雨村, 51469, 734436, False
2026-01-29 00:35:50,507 INFO 山本小鐵子, 188176, 734436, False
2026-01-29 00:35:50,507 INFO 史密斯高文, 711891, 734436, False
2026-01-29 00:35:50,507 INFO 熊不返工, 665920, 734436, False
2026-01-29 00:35:50,507 INFO 我叫九叔, 143694, 734436, False
2026-01-29 00:35:50,507 INFO LAC, 734436, 734436, True
2026-01-29 00:35:50,508 INFO Stored target user comment
2026-01-29 00:35:50,508 INFO helpstar, 100732, 734436, False
2026-01-29 00:35:50,508 INFO helpstar, 100732, 734436, False
2026-01-29 00:35:50,508 INFO 史密斯高文, 711891, 734436, False
2026-01-29 00:35:50,508 INFO helpstar, 100732, 734436, False
2026-01-29 00:35:50,508 INFO helpstar, 100732, 734436, False
2026-01-29 00:35:50,508 INFO 史密斯高文, 711891, 734436, False
2026-01-29 00:35:58,978 INFO Processing https://lihkg.com/api_v2/thread/4046873/page/6
2026-01-29 00:35:58,979 INFO Processing thread page items: 6
2026-01-29 00:35:58,979 INFO helpstar, 100732, 734436, False
2026-01-29 00:35:58,979 INFO LAC, 734436, 734436, True
2026-01-29 00:35:58,981 INFO Stored target user comment
2026-01-29 00:35:58,981 INFO helpstar, 100732, 734436, False
2026-01-29 00:35:58,981 INFO helpstar, 100732, 734436, False
2026-01-29 00:35:58,981 INFO LAC, 734436, 734436, True
2026-01-29 00:35:58,983 INFO Stored target user comment
2026-01-29 00:35:58,983 INFO 史密斯高文, 711891, 734436, False
2026-01-29 00:35:58,984 INFO 熊不返工, 665920, 734436, False
2026-01-29 00:35:58,984 INFO LAC, 734436, 734436, True
2026-01-29 00:35:58,985 INFO Stored target user comment
2026-01-29 00:35:58,985 INFO LAC, 734436, 734436, True
2026-01-29 00:35:58,988 INFO Stored target user comment
2026-01-29 00:35:58,988 INFO 史密斯高文, 711891, 734436, False
2026-01-29 00:35:58,988 INFO 山本小鐵子, 188176, 734436, False
2026-01-29 00:35:58,988 INFO 明燈大人, 55199, 734436, False
2026-01-29 00:35:58,988 INFO LAC, 734436, 734436, True
2026-01-29 00:35:58,989 INFO Stored target user comment
2026-01-29 00:35:58,990 INFO 山本小鐵子, 188176, 734436, False
2026-01-29 00:35:58,990 INFO LAC, 734436, 734436, True
2026-01-29 00:35:58,992 INFO Stored target user comment
2026-01-29 00:35:58,992 INFO 山本小鐵子, 188176, 734436, False
2026-01-29 00:35:58,992 INFO 大賭可變章魚城, 19411, 734436, False
2026-01-29 00:35:58,992 INFO 山本小鐵子, 188176, 734436, False
2026-01-29 00:35:58,992 INFO 小小甜卜卜趣, 365062, 734436, False
2026-01-29 00:35:58,992 INFO 雙棍春, 263798, 734436, False
2026-01-29 00:35:58,992 INFO 小小甜卜卜趣, 365062, 734436, False
2026-01-29 00:35:58,992 INFO 武裝保衛蘇聯, 499723, 734436, False
2026-01-29 00:35:58,993 INFO 望住春代爆, 327439, 734436, False
2026-01-29 00:35:58,993 INFO 珍奶半糖小冰, 125935, 734436, False
2026-01-29 00:35:58,993 INFO 珍奶半糖小冰, 125935, 734436, False
2026-01-29 00:36:05,249 INFO Processing https://lihkg.com/api_v2/thread/4046873/page/7
2026-01-29 00:36:05,249 INFO Processing thread page items: 7
2026-01-29 00:36:05,249 INFO 史密斯高文, 711891, 734436, False
2026-01-29 00:36:05,249 INFO 珍奶半糖小冰, 125935, 734436, False
2026-01-29 00:36:05,249 INFO 珍奶半糖小冰, 125935, 734436, False
2026-01-29 00:36:05,249 INFO 馬拉松, 109133, 734436, False
2026-01-29 00:36:05,249 INFO 史密斯高文, 711891, 734436, False
2026-01-29 00:36:05,250 INFO 珍奶半糖小冰, 125935, 734436, False
2026-01-29 00:36:05,250 INFO 馬拉松, 109133, 734436, False
2026-01-29 00:36:05,250 INFO 馬拉松, 109133, 734436, False
2026-01-29 00:36:05,250 INFO 山本小鐵子, 188176, 734436, False
2026-01-29 00:36:05,250 INFO 我隻貓好煩, 69178, 734436, False
2026-01-29 00:36:05,250 INFO LAC, 734436, 734436, True
2026-01-29 00:36:05,252 INFO Stored target user comment
2026-01-29 00:36:05,252 INFO 山本小鐵子, 188176, 734436, False
2026-01-29 00:36:05,252 INFO 史密斯高文, 711891, 734436, False
2026-01-29 00:36:05,252 INFO 馬拉松, 109133, 734436, False
2026-01-29 00:36:05,252 INFO 勁飛翔, 110475, 734436, False
2026-01-29 00:36:05,252 INFO 馬拉松, 109133, 734436, False
2026-01-29 00:36:05,252 INFO 勁飛翔, 110475, 734436, False
2026-01-29 00:36:05,252 INFO 史密斯高文, 711891, 734436, False
2026-01-29 00:36:05,252 INFO 山本小鐵子, 188176, 734436, False
2026-01-29 00:36:05,253 INFO 勁飛翔, 110475, 734436, False
2026-01-29 00:36:05,253 INFO 勁飛翔, 110475, 734436, False
2026-01-29 00:36:05,253 INFO 天煞沽升, 505830, 734436, False
2026-01-29 00:36:05,253 INFO LAC, 734436, 734436, True
2026-01-29 00:36:05,254 INFO Stored target user comment
2026-01-29 00:36:05,254 INFO LAC, 734436, 734436, True
2026-01-29 00:36:05,255 INFO Stored target user comment
2026-01-29 00:36:05,255 INFO LAC, 734436, 734436, True
2026-01-29 00:36:05,257 INFO Stored target user comment
2026-01-29 00:36:12,290 WARNING Thread page request failed
2026-01-29 00:36:12,318 WARNING Thread page request failed
2026-01-29 00:36:12,345 WARNING Thread page request failed
2026-01-29 00:36:12,375 WARNING Thread page request failed
2026-01-29 00:36:12,407 WARNING Thread page request failed
2026-01-29 00:36:12,436 WARNING Thread page request failed
2026-01-29 00:36:12,469 WARNING Thread page request failed
2026-01-29 00:36:12,496 WARNING Thread page request failed
2026-01-29 00:36:12,526 WARNING Thread page request failed
2026-01-29 00:36:12,556 WARNING Thread page request failed
2026-01-29 00:36:12,600 WARNING Thread page request failed
2026-01-29 00:36:12,699 WARNING Thread page request failed
2026-01-29 00:36:12,729 WARNING Thread page request failed
2026-01-29 00:36:12,757 WARNING Thread page request failed
2026-01-29 00:36:12,785 WARNING Thread page request failed
2026-01-29 00:36:12,814 WARNING Thread page request failed
2026-01-29 00:36:12,844 WARNING Thread page request failed
2026-01-29 00:36:15,862 INFO Scrape completed
